19:37:45 **** Build of project Test_Timer_bsp ****
make -k all 
"Running Make include in microblaze_0/libsrc/bram_v4_3/src"
make -C microblaze_0/libsrc/bram_v4_3/src -s include  "SHELL=CMD" "COMPILER=mb-gcc" "ARCHIVER=mb-ar" "COMPILER_FLAGS=  -O2 -c -mcpu=v11.0 -mlittle-endian -mxl-soft-mul" "EXTRA_COMPILER_FLAGS=-ffunction-sections -fdata-sections -Wall -Wextra"
"Running Make include in microblaze_0/libsrc/cpu_v2_9/src"
make -C microblaze_0/libsrc/cpu_v2_9/src -s include  "SHELL=CMD" "COMPILER=mb-gcc" "ARCHIVER=mb-ar" "COMPILER_FLAGS=  -O2 -c -mcpu=v11.0 -mlittle-endian -mxl-soft-mul" "EXTRA_COMPILER_FLAGS=-ffunction-sections -fdata-sections -Wall -Wextra"
"Running Make include in microblaze_0/libsrc/gpio_v4_4/src"
make -C microblaze_0/libsrc/gpio_v4_4/src -s include  "SHELL=CMD" "COMPILER=mb-gcc" "ARCHIVER=mb-ar" "COMPILER_FLAGS=  -O2 -c -mcpu=v11.0 -mlittle-endian -mxl-soft-mul" "EXTRA_COMPILER_FLAGS=-ffunction-sections -fdata-sections -Wall -Wextra"
"Running Make include in microblaze_0/libsrc/intc_v3_9/src"
make -C microblaze_0/libsrc/intc_v3_9/src -s include  "SHELL=CMD" "COMPILER=mb-gcc" "ARCHIVER=mb-ar" "COMPILER_FLAGS=  -O2 -c -mcpu=v11.0 -mlittle-endian -mxl-soft-mul" "EXTRA_COMPILER_FLAGS=-ffunction-sections -fdata-sections -Wall -Wextra"
"Running Make include in microblaze_0/libsrc/standalone_v7_0/src"
make -C microblaze_0/libsrc/standalone_v7_0/src -s include  "SHELL=CMD" "COMPILER=mb-gcc" "ARCHIVER=mb-ar" "COMPILER_FLAGS=  -O2 -c -mcpu=v11.0 -mlittle-endian -mxl-soft-mul" "EXTRA_COMPILER_FLAGS=-ffunction-sections -fdata-sections -Wall -Wextra"
"Running Make include in microblaze_0/libsrc/tmrctr_v4_5/src"
make -C microblaze_0/libsrc/tmrctr_v4_5/src -s include  "SHELL=CMD" "COMPILER=mb-gcc" "ARCHIVER=mb-ar" "COMPILER_FLAGS=  -O2 -c -mcpu=v11.0 -mlittle-endian -mxl-soft-mul" "EXTRA_COMPILER_FLAGS=-ffunction-sections -fdata-sections -Wall -Wextra"
"Running Make include in microblaze_0/libsrc/uartlite_v3_2/src"
make -C microblaze_0/libsrc/uartlite_v3_2/src -s include  "SHELL=CMD" "COMPILER=mb-gcc" "ARCHIVER=mb-ar" "COMPILER_FLAGS=  -O2 -c -mcpu=v11.0 -mlittle-endian -mxl-soft-mul" "EXTRA_COMPILER_FLAGS=-ffunction-sections -fdata-sections -Wall -Wextra"
"Running Make libs in microblaze_0/libsrc/bram_v4_3/src"
make -C microblaze_0/libsrc/bram_v4_3/src -s libs  "SHELL=CMD" "COMPILER=mb-gcc" "ARCHIVER=mb-ar" "COMPILER_FLAGS=  -O2 -c -mcpu=v11.0 -mlittle-endian -mxl-soft-mul" "EXTRA_COMPILER_FLAGS=-ffunction-sections -fdata-sections -Wall -Wextra"
"Compiling bram"
mb-ar: creating ../../../lib/libxil.a
"Running Make libs in microblaze_0/libsrc/cpu_v2_9/src"
make -C microblaze_0/libsrc/cpu_v2_9/src -s libs  "SHELL=CMD" "COMPILER=mb-gcc" "ARCHIVER=mb-ar" "COMPILER_FLAGS=  -O2 -c -mcpu=v11.0 -mlittle-endian -mxl-soft-mul" "EXTRA_COMPILER_FLAGS=-ffunction-sections -fdata-sections -Wall -Wextra"
"Compiling cpu"
"Running Make libs in microblaze_0/libsrc/gpio_v4_4/src"
make -C microblaze_0/libsrc/gpio_v4_4/src -s libs  "SHELL=CMD" "COMPILER=mb-gcc" "ARCHIVER=mb-ar" "COMPILER_FLAGS=  -O2 -c -mcpu=v11.0 -mlittle-endian -mxl-soft-mul" "EXTRA_COMPILER_FLAGS=-ffunction-sections -fdata-sections -Wall -Wextra"
"Compiling gpio"
"Running Make libs in microblaze_0/libsrc/intc_v3_9/src"
make -C microblaze_0/libsrc/intc_v3_9/src -s libs  "SHELL=CMD" "COMPILER=mb-gcc" "ARCHIVER=mb-ar" "COMPILER_FLAGS=  -O2 -c -mcpu=v11.0 -mlittle-endian -mxl-soft-mul" "EXTRA_COMPILER_FLAGS=-ffunction-sections -fdata-sections -Wall -Wextra"
"Compiling intc"
"Running Make libs in microblaze_0/libsrc/standalone_v7_0/src"
make -C microblaze_0/libsrc/standalone_v7_0/src -s libs  "SHELL=CMD" "COMPILER=mb-gcc" "ARCHIVER=mb-ar" "COMPILER_FLAGS=  -O2 -c -mcpu=v11.0 -mlittle-endian -mxl-soft-mul" "EXTRA_COMPILER_FLAGS=-ffunction-sections -fdata-sections -Wall -Wextra"
"Compiling standalone";
microblaze_sleep.c:77:9: note: #pragma message: For the sleep routines, assembly instructions are used
 #pragma message ("For the sleep routines, assembly instructions are used")
         ^~~~~~~
"Running Make libs in microblaze_0/libsrc/tmrctr_v4_5/src"
make -C microblaze_0/libsrc/tmrctr_v4_5/src -s libs  "SHELL=CMD" "COMPILER=mb-gcc" "ARCHIVER=mb-ar" "COMPILER_FLAGS=  -O2 -c -mcpu=v11.0 -mlittle-endian -mxl-soft-mul" "EXTRA_COMPILER_FLAGS=-ffunction-sections -fdata-sections -Wall -Wextra"
"Compiling tmrctr"
"Running Make libs in microblaze_0/libsrc/uartlite_v3_2/src"
make -C microblaze_0/libsrc/uartlite_v3_2/src -s libs  "SHELL=CMD" "COMPILER=mb-gcc" "ARCHIVER=mb-ar" "COMPILER_FLAGS=  -O2 -c -mcpu=v11.0 -mlittle-endian -mxl-soft-mul" "EXTRA_COMPILER_FLAGS=-ffunction-sections -fdata-sections -Wall -Wextra"
"Compiling uartlite"
'Finished building libraries'
19:37:54 **** Build of configuration Debug for project Test_Timer ****
make all 
'Building file: ../src/helloworld.c'
'Invoking: MicroBlaze gcc compiler'
mb-gcc -Wall -O0 -g3 -c -fmessage-length=0 -MT"src/helloworld.o" -I../../Test_Timer_bsp/microblaze_0/include -mlittle-endian -mcpu=v11.0 -mxl-soft-mul -Wl,--no-relax -ffunction-sections -fdata-sections -MMD -MP -MF"src/helloworld.d" -MT"src/helloworld.o" -o "src/helloworld.o" "../src/helloworld.c"
'Finished building: ../src/helloworld.c'
' '
'Building file: ../src/platform.c'
'Invoking: MicroBlaze gcc compiler'
mb-gcc -Wall -O0 -g3 -c -fmessage-length=0 -MT"src/platform.o" -I../../Test_Timer_bsp/microblaze_0/include -mlittle-endian -mcpu=v11.0 -mxl-soft-mul -Wl,--no-relax -ffunction-sections -fdata-sections -MMD -MP -MF"src/platform.d" -MT"src/platform.o" -o "src/platform.o" "../src/platform.c"
'Finished building: ../src/platform.c'
' '
'Building target: Test_Timer.elf'
'Invoking: MicroBlaze gcc linker'
mb-gcc -Wl,-T -Wl,../src/lscript.ld -L../../Test_Timer_bsp/microblaze_0/lib -mlittle-endian -mcpu=v11.0 -mxl-soft-mul -Wl,--no-relax -Wl,--gc-sections -o "Test_Timer.elf"  ./src/helloworld.o ./src/platform.o   -Wl,--start-group,-lxil,-lgcc,-lc,--end-group
'Finished building target: Test_Timer.elf'
' '
'Invoking: MicroBlaze Print Size'
mb-size Test_Timer.elf  |tee "Test_Timer.elf.size"
   text	   data	    bss	    dec	    hex	filename
   3124	    320	   3108	   6552	   1998	Test_Timer.elf
'Finished building: Test_Timer.elf.size'
' '
19:37:56 **** Auto Build of configuration Debug for project Test_Timer ****
make all 
make: Nothing to be done for 'all'.
19:39:09 **** Clean-only build of configuration Debug for project Test_Timer ****
make clean 
rm -rf  ./src/helloworld.o ./src/platform.o  ./src/helloworld.d ./src/platform.d  Test_Timer.elf.size  Test_Timer.elf
' '
19:39:09 **** Auto Build of configuration Debug for project Test_Timer ****
make all 
'Building file: ../src/main.c'
'Invoking: MicroBlaze gcc compiler'
mb-gcc -Wall -O0 -g3 -c -fmessage-length=0 -MT"src/main.o" -I../../Test_Timer_bsp/microblaze_0/include -mlittle-endian -mcpu=v11.0 -mxl-soft-mul -Wl,--no-relax -ffunction-sections -fdata-sections -MMD -MP -MF"src/main.d" -MT"src/main.o" -o "src/main.o" "../src/main.c"
'Finished building: ../src/main.c'
' '
'Building file: ../src/platform.c'
'Invoking: MicroBlaze gcc compiler'
mb-gcc -Wall -O0 -g3 -c -fmessage-length=0 -MT"src/platform.o" -I../../Test_Timer_bsp/microblaze_0/include -mlittle-endian -mcpu=v11.0 -mxl-soft-mul -Wl,--no-relax -ffunction-sections -fdata-sections -MMD -MP -MF"src/platform.d" -MT"src/platform.o" -o "src/platform.o" "../src/platform.c"
'Finished building: ../src/platform.c'
' '
'Building target: Test_Timer.elf'
'Invoking: MicroBlaze gcc linker'
mb-gcc -Wl,-T -Wl,../src/lscript.ld -L../../Test_Timer_bsp/microblaze_0/lib -mlittle-endian -mcpu=v11.0 -mxl-soft-mul -Wl,--no-relax -Wl,--gc-sections -o "Test_Timer.elf"  ./src/main.o ./src/platform.o   -Wl,--start-group,-lxil,-lgcc,-lc,--end-group
'Finished building target: Test_Timer.elf'
' '
'Invoking: MicroBlaze Print Size'
mb-size Test_Timer.elf  |tee "Test_Timer.elf.size"
   text	   data	    bss	    dec	    hex	filename
   3124	    320	   3108	   6552	   1998	Test_Timer.elf
'Finished building: Test_Timer.elf.size'
' '
19:39:58 **** Auto Build of configuration Debug for project Test_Timer ****
make all 
'Building file: ../src/main.c'
'Invoking: MicroBlaze gcc compiler'
mb-gcc -Wall -O0 -g3 -c -fmessage-length=0 -MT"src/main.o" -I../../Test_Timer_bsp/microblaze_0/include -mlittle-endian -mcpu=v11.0 -mxl-soft-mul -Wl,--no-relax -ffunction-sections -fdata-sections -MMD -MP -MF"src/main.d" -MT"src/main.o" -o "src/main.o" "../src/main.c"
../src/main.c: In function 'main':
../src/main.c:94:9: warning: unused variable 'stateInt' [-Wunused-variable]
     int stateInt = init_interrupts();
         ^~~~~~~~
../src/main.c:93:9: warning: unused variable 'state' [-Wunused-variable]
     int state = Timer_init();
         ^~~~~
'Finished building: ../src/main.c'
' '
'Building target: Test_Timer.elf'
'Invoking: MicroBlaze gcc linker'
mb-gcc -Wl,-T -Wl,../src/lscript.ld -L../../Test_Timer_bsp/microblaze_0/lib -mlittle-endian -mcpu=v11.0 -mxl-soft-mul -Wl,--no-relax -Wl,--gc-sections -o "Test_Timer.elf"  ./src/main.o ./src/platform.o   -Wl,--start-group,-lxil,-lgcc,-lc,--end-group
'Finished building target: Test_Timer.elf'
' '
'Invoking: MicroBlaze Print Size'
mb-size Test_Timer.elf  |tee "Test_Timer.elf.size"
   text	   data	    bss	    dec	    hex	filename
   7676	    340	   3320	  11336	   2c48	Test_Timer.elf
'Finished building: Test_Timer.elf.size'
' '
19:40:45 **** Auto Build of configuration Debug for project Test_Timer ****
make all 
'Building file: ../src/main.c'
'Invoking: MicroBlaze gcc compiler'
mb-gcc -Wall -O0 -g3 -c -fmessage-length=0 -MT"src/main.o" -I../../Test_Timer_bsp/microblaze_0/include -mlittle-endian -mcpu=v11.0 -mxl-soft-mul -Wl,--no-relax -ffunction-sections -fdata-sections -MMD -MP -MF"src/main.d" -MT"src/main.o" -o "src/main.o" "../src/main.c"
../src/main.c: In function 'main':
../src/main.c:94:9: warning: unused variable 'stateInt' [-Wunused-variable]
     int stateInt = init_interrupts();
         ^~~~~~~~
../src/main.c:93:9: warning: unused variable 'state' [-Wunused-variable]
     int state = Timer_init();
         ^~~~~
'Finished building: ../src/main.c'
' '
'Building target: Test_Timer.elf'
'Invoking: MicroBlaze gcc linker'
mb-gcc -Wl,-T -Wl,../src/lscript.ld -L../../Test_Timer_bsp/microblaze_0/lib -mlittle-endian -mcpu=v11.0 -mxl-soft-mul -Wl,--no-relax -Wl,--gc-sections -o "Test_Timer.elf"  ./src/main.o ./src/platform.o   -Wl,--start-group,-lxil,-lgcc,-lc,--end-group
'Finished building target: Test_Timer.elf'
' '
'Invoking: MicroBlaze Print Size'
mb-size Test_Timer.elf  |tee "Test_Timer.elf.size"
   text	   data	    bss	    dec	    hex	filename
   7676	    340	   3320	  11336	   2c48	Test_Timer.elf
'Finished building: Test_Timer.elf.size'
' '
19:41:26 **** Incremental Build of configuration Debug for project Test_Timer ****
make all 
make: Nothing to be done for 'all'.
19:42:03 **** Incremental Build of configuration Debug for project Test_Timer ****
make all 
make: Nothing to be done for 'all'.
19:44:32 **** Auto Build of configuration Debug for project Test_Timer ****
make all 
'Building file: ../src/main.c'
'Invoking: MicroBlaze gcc compiler'
mb-gcc -Wall -O0 -g3 -c -fmessage-length=0 -MT"src/main.o" -I../../Test_Timer_bsp/microblaze_0/include -mlittle-endian -mcpu=v11.0 -mxl-soft-mul -Wl,--no-relax -ffunction-sections -fdata-sections -MMD -MP -MF"src/main.d" -MT"src/main.o" -o "src/main.o" "../src/main.c"
../src/main.c: In function 'Timer_init':
../src/main.c:55:9: error: 'state' undeclared (first use in this function); did you mean 'Status'?
  return state;
         ^~~~~
         Status
../src/main.c:55:9: note: each undeclared identifier is reported only once for each function it appears in
../src/main.c: In function 'main':
../src/main.c:66:9: warning: unused variable 'stateInt' [-Wunused-variable]
     int stateInt = init_interrupts();
         ^~~~~~~~
../src/main.c:65:9: warning: unused variable 'state' [-Wunused-variable]
     int state = Timer_init();
         ^~~~~
../src/main.c: In function 'Timer_init':
../src/main.c:56:1: warning: control reaches end of non-void function [-Wreturn-type]
 }
 ^
make: *** [src/subdir.mk:26: src/main.o] Error 1
19:44:43 **** Auto Build of configuration Debug for project Test_Timer ****
make all 
'Building file: ../src/main.c'
'Invoking: MicroBlaze gcc compiler'
mb-gcc -Wall -O0 -g3 -c -fmessage-length=0 -MT"src/main.o" -I../../Test_Timer_bsp/microblaze_0/include -mlittle-endian -mcpu=v11.0 -mxl-soft-mul -Wl,--no-relax -ffunction-sections -fdata-sections -MMD -MP -MF"src/main.d" -MT"src/main.o" -o "src/main.o" "../src/main.c"
../src/main.c: In function 'main':
../src/main.c:65:9: warning: unused variable 'stateInt' [-Wunused-variable]
     int stateInt = init_interrupts();
         ^~~~~~~~
../src/main.c:64:9: warning: unused variable 'state' [-Wunused-variable]
     int state = Timer_init();
         ^~~~~
../src/main.c: In function 'Timer_init':
../src/main.c:55:1: warning: control reaches end of non-void function [-Wreturn-type]
 }
 ^
'Finished building: ../src/main.c'
' '
'Building target: Test_Timer.elf'
'Invoking: MicroBlaze gcc linker'
mb-gcc -Wl,-T -Wl,../src/lscript.ld -L../../Test_Timer_bsp/microblaze_0/lib -mlittle-endian -mcpu=v11.0 -mxl-soft-mul -Wl,--no-relax -Wl,--gc-sections -o "Test_Timer.elf"  ./src/main.o ./src/platform.o   -Wl,--start-group,-lxil,-lgcc,-lc,--end-group
'Finished building target: Test_Timer.elf'
' '
'Invoking: MicroBlaze Print Size'
mb-size Test_Timer.elf  |tee "Test_Timer.elf.size"
   text	   data	    bss	    dec	    hex	filename
   7688	    340	   3316	  11344	   2c50	Test_Timer.elf
'Finished building: Test_Timer.elf.size'
' '
19:47:15 **** Auto Build of configuration Debug for project Test_Timer ****
make all 
'Building file: ../src/main.c'
'Invoking: MicroBlaze gcc compiler'
mb-gcc -Wall -O0 -g3 -c -fmessage-length=0 -MT"src/main.o" -I../../Test_Timer_bsp/microblaze_0/include -mlittle-endian -mcpu=v11.0 -mxl-soft-mul -Wl,--no-relax -ffunction-sections -fdata-sections -MMD -MP -MF"src/main.d" -MT"src/main.o" -o "src/main.o" "../src/main.c"
../src/main.c: In function 'main':
../src/main.c:67:9: warning: unused variable 'stateInt' [-Wunused-variable]
     int stateInt = init_interrupts();
         ^~~~~~~~
../src/main.c: In function 'Timer_init':
../src/main.c:55:1: warning: control reaches end of non-void function [-Wreturn-type]
 }
 ^
'Finished building: ../src/main.c'
' '
'Building target: Test_Timer.elf'
'Invoking: MicroBlaze gcc linker'
mb-gcc -Wl,-T -Wl,../src/lscript.ld -L../../Test_Timer_bsp/microblaze_0/lib -mlittle-endian -mcpu=v11.0 -mxl-soft-mul -Wl,--no-relax -Wl,--gc-sections -o "Test_Timer.elf"  ./src/main.o ./src/platform.o   -Wl,--start-group,-lxil,-lgcc,-lc,--end-group
'Finished building target: Test_Timer.elf'
' '
'Invoking: MicroBlaze Print Size'
mb-size Test_Timer.elf  |tee "Test_Timer.elf.size"
   text	   data	    bss	    dec	    hex	filename
   7780	    340	   3320	  11440	   2cb0	Test_Timer.elf
'Finished building: Test_Timer.elf.size'
' '
19:47:29 **** Auto Build of configuration Debug for project Test_Timer ****
make all 
'Building file: ../src/main.c'
'Invoking: MicroBlaze gcc compiler'
mb-gcc -Wall -O0 -g3 -c -fmessage-length=0 -MT"src/main.o" -I../../Test_Timer_bsp/microblaze_0/include -mlittle-endian -mcpu=v11.0 -mxl-soft-mul -Wl,--no-relax -ffunction-sections -fdata-sections -MMD -MP -MF"src/main.d" -MT"src/main.o" -o "src/main.o" "../src/main.c"
../src/main.c: In function 'main':
../src/main.c:67:9: warning: unused variable 'stateInt' [-Wunused-variable]
     int stateInt = init_interrupts();
         ^~~~~~~~
../src/main.c: In function 'Timer_init':
../src/main.c:55:1: warning: control reaches end of non-void function [-Wreturn-type]
 }
 ^
'Finished building: ../src/main.c'
' '
'Building target: Test_Timer.elf'
'Invoking: MicroBlaze gcc linker'
mb-gcc -Wl,-T -Wl,../src/lscript.ld -L../../Test_Timer_bsp/microblaze_0/lib -mlittle-endian -mcpu=v11.0 -mxl-soft-mul -Wl,--no-relax -Wl,--gc-sections -o "Test_Timer.elf"  ./src/main.o ./src/platform.o   -Wl,--start-group,-lxil,-lgcc,-lc,--end-group
'Finished building target: Test_Timer.elf'
' '
'Invoking: MicroBlaze Print Size'
mb-size Test_Timer.elf  |tee "Test_Timer.elf.size"
   text	   data	    bss	    dec	    hex	filename
   7780	    340	   3320	  11440	   2cb0	Test_Timer.elf
'Finished building: Test_Timer.elf.size'
' '
19:47:31 **** Incremental Build of configuration Debug for project Test_Timer ****
make all 
make: Nothing to be done for 'all'.
19:49:00 **** Auto Build of configuration Debug for project Test_Timer ****
make all 
'Building file: ../src/main.c'
'Invoking: MicroBlaze gcc compiler'
mb-gcc -Wall -O0 -g3 -c -fmessage-length=0 -MT"src/main.o" -I../../Test_Timer_bsp/microblaze_0/include -mlittle-endian -mcpu=v11.0 -mxl-soft-mul -Wl,--no-relax -ffunction-sections -fdata-sections -MMD -MP -MF"src/main.d" -MT"src/main.o" -o "src/main.o" "../src/main.c"
../src/main.c: In function 'main':
../src/main.c:66:9: warning: unused variable 'stateInt' [-Wunused-variable]
     int stateInt = Interrupt_init();
         ^~~~~~~~
../src/main.c: In function 'Timer_init':
../src/main.c:54:1: warning: control reaches end of non-void function [-Wreturn-type]
 }
 ^
'Finished building: ../src/main.c'
' '
'Building target: Test_Timer.elf'
'Invoking: MicroBlaze gcc linker'
mb-gcc -Wl,-T -Wl,../src/lscript.ld -L../../Test_Timer_bsp/microblaze_0/lib -mlittle-endian -mcpu=v11.0 -mxl-soft-mul -Wl,--no-relax -Wl,--gc-sections -o "Test_Timer.elf"  ./src/main.o ./src/platform.o   -Wl,--start-group,-lxil,-lgcc,-lc,--end-group
'Finished building target: Test_Timer.elf'
' '
'Invoking: MicroBlaze Print Size'
mb-size Test_Timer.elf  |tee "Test_Timer.elf.size"
   text	   data	    bss	    dec	    hex	filename
   7780	    340	   3320	  11440	   2cb0	Test_Timer.elf
'Finished building: Test_Timer.elf.size'
' '
19:50:15 **** Auto Build of configuration Debug for project Test_Timer ****
make all 
'Building file: ../src/main.c'
'Invoking: MicroBlaze gcc compiler'
mb-gcc -Wall -O0 -g3 -c -fmessage-length=0 -MT"src/main.o" -I../../Test_Timer_bsp/microblaze_0/include -mlittle-endian -mcpu=v11.0 -mxl-soft-mul -Wl,--no-relax -ffunction-sections -fdata-sections -MMD -MP -MF"src/main.d" -MT"src/main.o" -o "src/main.o" "../src/main.c"
../src/main.c: In function 'Timer_init':
../src/main.c:54:1: warning: control reaches end of non-void function [-Wreturn-type]
 }
 ^
'Finished building: ../src/main.c'
' '
'Building target: Test_Timer.elf'
'Invoking: MicroBlaze gcc linker'
mb-gcc -Wl,-T -Wl,../src/lscript.ld -L../../Test_Timer_bsp/microblaze_0/lib -mlittle-endian -mcpu=v11.0 -mxl-soft-mul -Wl,--no-relax -Wl,--gc-sections -o "Test_Timer.elf"  ./src/main.o ./src/platform.o   -Wl,--start-group,-lxil,-lgcc,-lc,--end-group
'Finished building target: Test_Timer.elf'
' '
'Invoking: MicroBlaze Print Size'
mb-size Test_Timer.elf  |tee "Test_Timer.elf.size"
   text	   data	    bss	    dec	    hex	filename
   7880	    340	   3316	  11536	   2d10	Test_Timer.elf
'Finished building: Test_Timer.elf.size'
' '
19:50:27 **** Auto Build of configuration Debug for project Test_Timer ****
make all 
'Building file: ../src/main.c'
'Invoking: MicroBlaze gcc compiler'
mb-gcc -Wall -O0 -g3 -c -fmessage-length=0 -MT"src/main.o" -I../../Test_Timer_bsp/microblaze_0/include -mlittle-endian -mcpu=v11.0 -mxl-soft-mul -Wl,--no-relax -ffunction-sections -fdata-sections -MMD -MP -MF"src/main.d" -MT"src/main.o" -o "src/main.o" "../src/main.c"
../src/main.c: In function 'Timer_init':
../src/main.c:54:1: warning: control reaches end of non-void function [-Wreturn-type]
 }
 ^
'Finished building: ../src/main.c'
' '
'Building target: Test_Timer.elf'
'Invoking: MicroBlaze gcc linker'
mb-gcc -Wl,-T -Wl,../src/lscript.ld -L../../Test_Timer_bsp/microblaze_0/lib -mlittle-endian -mcpu=v11.0 -mxl-soft-mul -Wl,--no-relax -Wl,--gc-sections -o "Test_Timer.elf"  ./src/main.o ./src/platform.o   -Wl,--start-group,-lxil,-lgcc,-lc,--end-group
'Finished building target: Test_Timer.elf'
' '
'Invoking: MicroBlaze Print Size'
mb-size Test_Timer.elf  |tee "Test_Timer.elf.size"
   text	   data	    bss	    dec	    hex	filename
   7880	    340	   3316	  11536	   2d10	Test_Timer.elf
'Finished building: Test_Timer.elf.size'
' '
19:50:29 **** Incremental Build of configuration Debug for project Test_Timer ****
make all 
make: Nothing to be done for 'all'.
19:51:43 **** Auto Build of configuration Debug for project Test_Timer ****
make all 
'Building file: ../src/main.c'
'Invoking: MicroBlaze gcc compiler'
mb-gcc -Wall -O0 -g3 -c -fmessage-length=0 -MT"src/main.o" -I../../Test_Timer_bsp/microblaze_0/include -mlittle-endian -mcpu=v11.0 -mxl-soft-mul -Wl,--no-relax -ffunction-sections -fdata-sections -MMD -MP -MF"src/main.d" -MT"src/main.o" -o "src/main.o" "../src/main.c"
../src/main.c: In function 'Timer_init':
../src/main.c:54:1: warning: control reaches end of non-void function [-Wreturn-type]
 }
 ^
'Finished building: ../src/main.c'
' '
'Building target: Test_Timer.elf'
'Invoking: MicroBlaze gcc linker'
mb-gcc -Wl,-T -Wl,../src/lscript.ld -L../../Test_Timer_bsp/microblaze_0/lib -mlittle-endian -mcpu=v11.0 -mxl-soft-mul -Wl,--no-relax -Wl,--gc-sections -o "Test_Timer.elf"  ./src/main.o ./src/platform.o   -Wl,--start-group,-lxil,-lgcc,-lc,--end-group
'Finished building target: Test_Timer.elf'
' '
'Invoking: MicroBlaze Print Size'
mb-size Test_Timer.elf  |tee "Test_Timer.elf.size"
   text	   data	    bss	    dec	    hex	filename
   7880	    340	   3316	  11536	   2d10	Test_Timer.elf
'Finished building: Test_Timer.elf.size'
' '
19:52:14 **** Auto Build of configuration Debug for project Test_Timer ****
make all 
'Building file: ../src/main.c'
'Invoking: MicroBlaze gcc compiler'
mb-gcc -Wall -O0 -g3 -c -fmessage-length=0 -MT"src/main.o" -I../../Test_Timer_bsp/microblaze_0/include -mlittle-endian -mcpu=v11.0 -mxl-soft-mul -Wl,--no-relax -ffunction-sections -fdata-sections -MMD -MP -MF"src/main.d" -MT"src/main.o" -o "src/main.o" "../src/main.c"
../src/main.c: In function 'Timer_init':
../src/main.c:54:1: warning: control reaches end of non-void function [-Wreturn-type]
 }
 ^
'Finished building: ../src/main.c'
' '
'Building target: Test_Timer.elf'
'Invoking: MicroBlaze gcc linker'
mb-gcc -Wl,-T -Wl,../src/lscript.ld -L../../Test_Timer_bsp/microblaze_0/lib -mlittle-endian -mcpu=v11.0 -mxl-soft-mul -Wl,--no-relax -Wl,--gc-sections -o "Test_Timer.elf"  ./src/main.o ./src/platform.o   -Wl,--start-group,-lxil,-lgcc,-lc,--end-group
'Finished building target: Test_Timer.elf'
' '
'Invoking: MicroBlaze Print Size'
mb-size Test_Timer.elf  |tee "Test_Timer.elf.size"
   text	   data	    bss	    dec	    hex	filename
   7880	    340	   3316	  11536	   2d10	Test_Timer.elf
'Finished building: Test_Timer.elf.size'
' '
19:52:22 **** Auto Build of configuration Debug for project Test_Timer ****
make all 
'Building file: ../src/main.c'
'Invoking: MicroBlaze gcc compiler'
mb-gcc -Wall -O0 -g3 -c -fmessage-length=0 -MT"src/main.o" -I../../Test_Timer_bsp/microblaze_0/include -mlittle-endian -mcpu=v11.0 -mxl-soft-mul -Wl,--no-relax -ffunction-sections -fdata-sections -MMD -MP -MF"src/main.d" -MT"src/main.o" -o "src/main.o" "../src/main.c"
../src/main.c: In function 'Timer_init':
../src/main.c:54:1: warning: control reaches end of non-void function [-Wreturn-type]
 }
 ^
'Finished building: ../src/main.c'
' '
'Building target: Test_Timer.elf'
'Invoking: MicroBlaze gcc linker'
mb-gcc -Wl,-T -Wl,../src/lscript.ld -L../../Test_Timer_bsp/microblaze_0/lib -mlittle-endian -mcpu=v11.0 -mxl-soft-mul -Wl,--no-relax -Wl,--gc-sections -o "Test_Timer.elf"  ./src/main.o ./src/platform.o   -Wl,--start-group,-lxil,-lgcc,-lc,--end-group
'Finished building target: Test_Timer.elf'
' '
'Invoking: MicroBlaze Print Size'
mb-size Test_Timer.elf  |tee "Test_Timer.elf.size"
   text	   data	    bss	    dec	    hex	filename
   7880	    340	   3316	  11536	   2d10	Test_Timer.elf
'Finished building: Test_Timer.elf.size'
' '
19:52:34 **** Incremental Build of configuration Debug for project Test_Timer ****
make all 
make: Nothing to be done for 'all'.
19:53:26 **** Incremental Build of configuration Debug for project Test_Timer ****
make all 
make: Nothing to be done for 'all'.
19:53:59 **** Auto Build of configuration Debug for project Test_Timer ****
make all 
'Building file: ../src/main.c'
'Invoking: MicroBlaze gcc compiler'
mb-gcc -Wall -O0 -g3 -c -fmessage-length=0 -MT"src/main.o" -I../../Test_Timer_bsp/microblaze_0/include -mlittle-endian -mcpu=v11.0 -mxl-soft-mul -Wl,--no-relax -ffunction-sections -fdata-sections -MMD -MP -MF"src/main.d" -MT"src/main.o" -o "src/main.o" "../src/main.c"
../src/main.c: In function 'Timer_init':
../src/main.c:54:1: warning: control reaches end of non-void function [-Wreturn-type]
 }
 ^
'Finished building: ../src/main.c'
' '
'Building target: Test_Timer.elf'
'Invoking: MicroBlaze gcc linker'
mb-gcc -Wl,-T -Wl,../src/lscript.ld -L../../Test_Timer_bsp/microblaze_0/lib -mlittle-endian -mcpu=v11.0 -mxl-soft-mul -Wl,--no-relax -Wl,--gc-sections -o "Test_Timer.elf"  ./src/main.o ./src/platform.o   -Wl,--start-group,-lxil,-lgcc,-lc,--end-group
'Finished building target: Test_Timer.elf'
' '
'Invoking: MicroBlaze Print Size'
mb-size Test_Timer.elf  |tee "Test_Timer.elf.size"
   text	   data	    bss	    dec	    hex	filename
   7880	    340	   3316	  11536	   2d10	Test_Timer.elf
'Finished building: Test_Timer.elf.size'
' '
19:54:01 **** Incremental Build of configuration Debug for project Test_Timer ****
make all 
make: Nothing to be done for 'all'.
19:54:14 **** Incremental Build of configuration Debug for project Test_Timer ****
make all 
make: Nothing to be done for 'all'.
19:55:44 **** Auto Build of configuration Debug for project Test_Timer ****
make all 
'Building file: ../src/main.c'
'Invoking: MicroBlaze gcc compiler'
mb-gcc -Wall -O0 -g3 -c -fmessage-length=0 -MT"src/main.o" -I../../Test_Timer_bsp/microblaze_0/include -mlittle-endian -mcpu=v11.0 -mxl-soft-mul -Wl,--no-relax -ffunction-sections -fdata-sections -MMD -MP -MF"src/main.d" -MT"src/main.o" -o "src/main.o" "../src/main.c"
../src/main.c: In function 'Timer_init':
../src/main.c:51:28: error: 'Timer_ISR_Handler' undeclared (first use in this function); did you mean 'XTmrCtr_Handler'?
  XTmrCtr_SetHandler(&timer,Timer_ISR_Handler,&timer);
                            ^~~~~~~~~~~~~~~~~
                            XTmrCtr_Handler
../src/main.c:51:28: note: each undeclared identifier is reported only once for each function it appears in
../src/main.c:54:1: warning: control reaches end of non-void function [-Wreturn-type]
 }
 ^
make: *** [src/subdir.mk:26: src/main.o] Error 1
19:55:46 **** Incremental Build of configuration Debug for project Test_Timer ****
make all 
'Building file: ../src/main.c'
'Invoking: MicroBlaze gcc compiler'
mb-gcc -Wall -O0 -g3 -c -fmessage-length=0 -MT"src/main.o" -I../../Test_Timer_bsp/microblaze_0/include -mlittle-endian -mcpu=v11.0 -mxl-soft-mul -Wl,--no-relax -ffunction-sections -fdata-sections -MMD -MP -MF"src/main.d" -MT"src/main.o" -o "src/main.o" "../src/main.c"
../src/main.c: In function 'Timer_init':
../src/main.c:51:28: error: 'Timer_ISR_Handler' undeclared (first use in this function); did you mean 'XTmrCtr_Handler'?
  XTmrCtr_SetHandler(&timer,Timer_ISR_Handler,&timer);
                            ^~~~~~~~~~~~~~~~~
                            XTmrCtr_Handler
../src/main.c:51:28: note: each undeclared identifier is reported only once for each function it appears in
../src/main.c:54:1: warning: control reaches end of non-void function [-Wreturn-type]
 }
 ^
make: *** [src/subdir.mk:26: src/main.o] Error 1
19:55:55 **** Auto Build of configuration Debug for project Test_Timer ****
make all 
'Building file: ../src/main.c'
'Invoking: MicroBlaze gcc compiler'
mb-gcc -Wall -O0 -g3 -c -fmessage-length=0 -MT"src/main.o" -I../../Test_Timer_bsp/microblaze_0/include -mlittle-endian -mcpu=v11.0 -mxl-soft-mul -Wl,--no-relax -ffunction-sections -fdata-sections -MMD -MP -MF"src/main.d" -MT"src/main.o" -o "src/main.o" "../src/main.c"
../src/main.c: In function 'Timer_init':
../src/main.c:54:1: warning: control reaches end of non-void function [-Wreturn-type]
 }
 ^
'Finished building: ../src/main.c'
' '
'Building target: Test_Timer.elf'
'Invoking: MicroBlaze gcc linker'
mb-gcc -Wl,-T -Wl,../src/lscript.ld -L../../Test_Timer_bsp/microblaze_0/lib -mlittle-endian -mcpu=v11.0 -mxl-soft-mul -Wl,--no-relax -Wl,--gc-sections -o "Test_Timer.elf"  ./src/main.o ./src/platform.o   -Wl,--start-group,-lxil,-lgcc,-lc,--end-group
'Finished building target: Test_Timer.elf'
' '
'Invoking: MicroBlaze Print Size'
mb-size Test_Timer.elf  |tee "Test_Timer.elf.size"
   text	   data	    bss	    dec	    hex	filename
   7880	    340	   3316	  11536	   2d10	Test_Timer.elf
'Finished building: Test_Timer.elf.size'
' '
19:55:59 **** Incremental Build of configuration Debug for project Test_Timer ****
make all 
make: Nothing to be done for 'all'.
20:02:37 **** Auto Build of configuration Debug for project Test_Timer ****
make all 
'Building file: ../src/main.c'
'Invoking: MicroBlaze gcc compiler'
mb-gcc -Wall -O0 -g3 -c -fmessage-length=0 -MT"src/main.o" -I../../Test_Timer_bsp/microblaze_0/include -mlittle-endian -mcpu=v11.0 -mxl-soft-mul -Wl,--no-relax -ffunction-sections -fdata-sections -MMD -MP -MF"src/main.d" -MT"src/main.o" -o "src/main.o" "../src/main.c"
../src/main.c: In function 'Timer_init':
../src/main.c:108:28: warning: passing argument 2 of 'XTmrCtr_SetHandler' from incompatible pointer type [-Wincompatible-pointer-types]
  XTmrCtr_SetHandler(&timer,Animer_message,&timer);
                            ^~~~~~~~~~~~~~
In file included from ../src/main.c:5:
../../Test_Timer_bsp/microblaze_0/include/xtmrctr.h:317:64: note: expected 'XTmrCtr_Handler' {aka 'void (*)(void *, unsigned char)'} but argument is of type 'void (*)(uint8_t)' {aka 'void (*)(unsigned char)'}
 void XTmrCtr_SetHandler(XTmrCtr * InstancePtr, XTmrCtr_Handler FuncPtr,
                                                ~~~~~~~~~~~~~~~~^~~~~~~
../src/main.c:111:1: warning: control reaches end of non-void function [-Wreturn-type]
 }
 ^
'Finished building: ../src/main.c'
' '
'Building target: Test_Timer.elf'
'Invoking: MicroBlaze gcc linker'
mb-gcc -Wl,-T -Wl,../src/lscript.ld -L../../Test_Timer_bsp/microblaze_0/lib -mlittle-endian -mcpu=v11.0 -mxl-soft-mul -Wl,--no-relax -Wl,--gc-sections -o "Test_Timer.elf"  ./src/main.o ./src/platform.o   -Wl,--start-group,-lxil,-lgcc,-lc,--end-group
'Finished building target: Test_Timer.elf'
' '
'Invoking: MicroBlaze Print Size'
mb-size Test_Timer.elf  |tee "Test_Timer.elf.size"
   text	   data	    bss	    dec	    hex	filename
   8820	    360	   3316	  12496	   30d0	Test_Timer.elf
'Finished building: Test_Timer.elf.size'
' '
20:02:42 **** Auto Build of configuration Debug for project Test_Timer ****
make all 
'Building file: ../src/main.c'
'Invoking: MicroBlaze gcc compiler'
mb-gcc -Wall -O0 -g3 -c -fmessage-length=0 -MT"src/main.o" -I../../Test_Timer_bsp/microblaze_0/include -mlittle-endian -mcpu=v11.0 -mxl-soft-mul -Wl,--no-relax -ffunction-sections -fdata-sections -MMD -MP -MF"src/main.d" -MT"src/main.o" -o "src/main.o" "../src/main.c"
../src/main.c: In function 'Timer_init':
../src/main.c:93:28: warning: passing argument 2 of 'XTmrCtr_SetHandler' from incompatible pointer type [-Wincompatible-pointer-types]
  XTmrCtr_SetHandler(&timer,Animer_message,&timer);
                            ^~~~~~~~~~~~~~
In file included from ../src/main.c:5:
../../Test_Timer_bsp/microblaze_0/include/xtmrctr.h:317:64: note: expected 'XTmrCtr_Handler' {aka 'void (*)(void *, unsigned char)'} but argument is of type 'void (*)(uint8_t)' {aka 'void (*)(unsigned char)'}
 void XTmrCtr_SetHandler(XTmrCtr * InstancePtr, XTmrCtr_Handler FuncPtr,
                                                ~~~~~~~~~~~~~~~~^~~~~~~
../src/main.c:96:1: warning: control reaches end of non-void function [-Wreturn-type]
 }
 ^
'Finished building: ../src/main.c'
' '
'Building target: Test_Timer.elf'
'Invoking: MicroBlaze gcc linker'
mb-gcc -Wl,-T -Wl,../src/lscript.ld -L../../Test_Timer_bsp/microblaze_0/lib -mlittle-endian -mcpu=v11.0 -mxl-soft-mul -Wl,--no-relax -Wl,--gc-sections -o "Test_Timer.elf"  ./src/main.o ./src/platform.o   -Wl,--start-group,-lxil,-lgcc,-lc,--end-group
'Finished building target: Test_Timer.elf'
' '
'Invoking: MicroBlaze Print Size'
mb-size Test_Timer.elf  |tee "Test_Timer.elf.size"
   text	   data	    bss	    dec	    hex	filename
   8820	    360	   3316	  12496	   30d0	Test_Timer.elf
'Finished building: Test_Timer.elf.size'
' '
20:03:23 **** Auto Build of configuration Debug for project Test_Timer ****
make all 
'Building file: ../src/main.c'
'Invoking: MicroBlaze gcc compiler'
mb-gcc -Wall -O0 -g3 -c -fmessage-length=0 -MT"src/main.o" -I../../Test_Timer_bsp/microblaze_0/include -mlittle-endian -mcpu=v11.0 -mxl-soft-mul -Wl,--no-relax -ffunction-sections -fdata-sections -MMD -MP -MF"src/main.d" -MT"src/main.o" -o "src/main.o" "../src/main.c"
../src/main.c: In function 'Timer_init':
../src/main.c:111:1: warning: control reaches end of non-void function [-Wreturn-type]
 }
 ^
'Finished building: ../src/main.c'
' '
'Building target: Test_Timer.elf'
'Invoking: MicroBlaze gcc linker'
mb-gcc -Wl,-T -Wl,../src/lscript.ld -L../../Test_Timer_bsp/microblaze_0/lib -mlittle-endian -mcpu=v11.0 -mxl-soft-mul -Wl,--no-relax -Wl,--gc-sections -o "Test_Timer.elf"  ./src/main.o ./src/platform.o   -Wl,--start-group,-lxil,-lgcc,-lc,--end-group
'Finished building target: Test_Timer.elf'
' '
'Invoking: MicroBlaze Print Size'
mb-size Test_Timer.elf  |tee "Test_Timer.elf.size"
   text	   data	    bss	    dec	    hex	filename
   7880	    340	   3316	  11536	   2d10	Test_Timer.elf
'Finished building: Test_Timer.elf.size'
' '
20:03:46 **** Auto Build of configuration Debug for project Test_Timer ****
make all 
'Building file: ../src/main.c'
'Invoking: MicroBlaze gcc compiler'
mb-gcc -Wall -O0 -g3 -c -fmessage-length=0 -MT"src/main.o" -I../../Test_Timer_bsp/microblaze_0/include -mlittle-endian -mcpu=v11.0 -mxl-soft-mul -Wl,--no-relax -ffunction-sections -fdata-sections -MMD -MP -MF"src/main.d" -MT"src/main.o" -o "src/main.o" "../src/main.c"
../src/main.c: In function 'Timer_init':
../src/main.c:100:1: warning: control reaches end of non-void function [-Wreturn-type]
 }
 ^
'Finished building: ../src/main.c'
' '
'Building target: Test_Timer.elf'
'Invoking: MicroBlaze gcc linker'
mb-gcc -Wl,-T -Wl,../src/lscript.ld -L../../Test_Timer_bsp/microblaze_0/lib -mlittle-endian -mcpu=v11.0 -mxl-soft-mul -Wl,--no-relax -Wl,--gc-sections -o "Test_Timer.elf"  ./src/main.o ./src/platform.o   -Wl,--start-group,-lxil,-lgcc,-lc,--end-group
'Finished building target: Test_Timer.elf'
' '
'Invoking: MicroBlaze Print Size'
mb-size Test_Timer.elf  |tee "Test_Timer.elf.size"
   text	   data	    bss	    dec	    hex	filename
   8892	    360	   3316	  12568	   3118	Test_Timer.elf
'Finished building: Test_Timer.elf.size'
' '
20:04:21 **** Auto Build of configuration Debug for project Test_Timer ****
make all 
'Building file: ../src/main.c'
'Invoking: MicroBlaze gcc compiler'
mb-gcc -Wall -O0 -g3 -c -fmessage-length=0 -MT"src/main.o" -I../../Test_Timer_bsp/microblaze_0/include -mlittle-endian -mcpu=v11.0 -mxl-soft-mul -Wl,--no-relax -ffunction-sections -fdata-sections -MMD -MP -MF"src/main.d" -MT"src/main.o" -o "src/main.o" "../src/main.c"
'Finished building: ../src/main.c'
' '
'Building target: Test_Timer.elf'
'Invoking: MicroBlaze gcc linker'
mb-gcc -Wl,-T -Wl,../src/lscript.ld -L../../Test_Timer_bsp/microblaze_0/lib -mlittle-endian -mcpu=v11.0 -mxl-soft-mul -Wl,--no-relax -Wl,--gc-sections -o "Test_Timer.elf"  ./src/main.o ./src/platform.o   -Wl,--start-group,-lxil,-lgcc,-lc,--end-group
'Finished building target: Test_Timer.elf'
' '
'Invoking: MicroBlaze Print Size'
mb-size Test_Timer.elf  |tee "Test_Timer.elf.size"
   text	   data	    bss	    dec	    hex	filename
   8896	    360	   3312	  12568	   3118	Test_Timer.elf
'Finished building: Test_Timer.elf.size'
' '
20:04:40 **** Incremental Build of configuration Debug for project Test_Timer ****
make all 
make: Nothing to be done for 'all'.
20:06:43 **** Auto Build of configuration Debug for project Test_Timer ****
make all 
'Building file: ../src/main.c'
'Invoking: MicroBlaze gcc compiler'
mb-gcc -Wall -O0 -g3 -c -fmessage-length=0 -MT"src/main.o" -I../../Test_Timer_bsp/microblaze_0/include -mlittle-endian -mcpu=v11.0 -mxl-soft-mul -Wl,--no-relax -ffunction-sections -fdata-sections -MMD -MP -MF"src/main.d" -MT"src/main.o" -o "src/main.o" "../src/main.c"
'Finished building: ../src/main.c'
' '
'Building target: Test_Timer.elf'
'Invoking: MicroBlaze gcc linker'
mb-gcc -Wl,-T -Wl,../src/lscript.ld -L../../Test_Timer_bsp/microblaze_0/lib -mlittle-endian -mcpu=v11.0 -mxl-soft-mul -Wl,--no-relax -Wl,--gc-sections -o "Test_Timer.elf"  ./src/main.o ./src/platform.o   -Wl,--start-group,-lxil,-lgcc,-lc,--end-group
'Finished building target: Test_Timer.elf'
' '
'Invoking: MicroBlaze Print Size'
mb-size Test_Timer.elf  |tee "Test_Timer.elf.size"
   text	   data	    bss	    dec	    hex	filename
   8836	    360	   3316	  12512	   30e0	Test_Timer.elf
'Finished building: Test_Timer.elf.size'
' '
20:06:46 **** Incremental Build of configuration Debug for project Test_Timer ****
make all 
make: Nothing to be done for 'all'.
20:08:39 **** Auto Build of configuration Debug for project Test_Timer ****
make all 
'Building file: ../src/main.c'
'Invoking: MicroBlaze gcc compiler'
mb-gcc -Wall -O0 -g3 -c -fmessage-length=0 -MT"src/main.o" -I../../Test_Timer_bsp/microblaze_0/include -mlittle-endian -mcpu=v11.0 -mxl-soft-mul -Wl,--no-relax -ffunction-sections -fdata-sections -MMD -MP -MF"src/main.d" -MT"src/main.o" -o "src/main.o" "../src/main.c"
'Finished building: ../src/main.c'
' '
'Building target: Test_Timer.elf'
'Invoking: MicroBlaze gcc linker'
mb-gcc -Wl,-T -Wl,../src/lscript.ld -L../../Test_Timer_bsp/microblaze_0/lib -mlittle-endian -mcpu=v11.0 -mxl-soft-mul -Wl,--no-relax -Wl,--gc-sections -o "Test_Timer.elf"  ./src/main.o ./src/platform.o   -Wl,--start-group,-lxil,-lgcc,-lc,--end-group
'Finished building target: Test_Timer.elf'
' '
'Invoking: MicroBlaze Print Size'
mb-size Test_Timer.elf  |tee "Test_Timer.elf.size"
   text	   data	    bss	    dec	    hex	filename
   8800	    360	   3312	  12472	   30b8	Test_Timer.elf
'Finished building: Test_Timer.elf.size'
' '
20:08:48 **** Incremental Build of configuration Debug for project Test_Timer ****
make all 
make: Nothing to be done for 'all'.
20:10:09 **** Auto Build of configuration Debug for project Test_Timer ****
make all 
'Building file: ../src/main.c'
'Invoking: MicroBlaze gcc compiler'
mb-gcc -Wall -O0 -g3 -c -fmessage-length=0 -MT"src/main.o" -I../../Test_Timer_bsp/microblaze_0/include -mlittle-endian -mcpu=v11.0 -mxl-soft-mul -Wl,--no-relax -ffunction-sections -fdata-sections -MMD -MP -MF"src/main.d" -MT"src/main.o" -o "src/main.o" "../src/main.c"
'Finished building: ../src/main.c'
' '
'Building target: Test_Timer.elf'
'Invoking: MicroBlaze gcc linker'
mb-gcc -Wl,-T -Wl,../src/lscript.ld -L../../Test_Timer_bsp/microblaze_0/lib -mlittle-endian -mcpu=v11.0 -mxl-soft-mul -Wl,--no-relax -Wl,--gc-sections -o "Test_Timer.elf"  ./src/main.o ./src/platform.o   -Wl,--start-group,-lxil,-lgcc,-lc,--end-group
'Finished building target: Test_Timer.elf'
' '
'Invoking: MicroBlaze Print Size'
mb-size Test_Timer.elf  |tee "Test_Timer.elf.size"
   text	   data	    bss	    dec	    hex	filename
   8800	    360	   3312	  12472	   30b8	Test_Timer.elf
'Finished building: Test_Timer.elf.size'
' '
20:10:10 **** Incremental Build of configuration Debug for project Test_Timer ****
make all 
make: Nothing to be done for 'all'.
20:10:36 **** Auto Build of configuration Debug for project Test_Timer ****
make all 
'Building file: ../src/main.c'
'Invoking: MicroBlaze gcc compiler'
mb-gcc -Wall -O0 -g3 -c -fmessage-length=0 -MT"src/main.o" -I../../Test_Timer_bsp/microblaze_0/include -mlittle-endian -mcpu=v11.0 -mxl-soft-mul -Wl,--no-relax -ffunction-sections -fdata-sections -MMD -MP -MF"src/main.d" -MT"src/main.o" -o "src/main.o" "../src/main.c"
'Finished building: ../src/main.c'
' '
'Building target: Test_Timer.elf'
'Invoking: MicroBlaze gcc linker'
mb-gcc -Wl,-T -Wl,../src/lscript.ld -L../../Test_Timer_bsp/microblaze_0/lib -mlittle-endian -mcpu=v11.0 -mxl-soft-mul -Wl,--no-relax -Wl,--gc-sections -o "Test_Timer.elf"  ./src/main.o ./src/platform.o   -Wl,--start-group,-lxil,-lgcc,-lc,--end-group
'Finished building target: Test_Timer.elf'
' '
'Invoking: MicroBlaze Print Size'
mb-size Test_Timer.elf  |tee "Test_Timer.elf.size"
   text	   data	    bss	    dec	    hex	filename
   8896	    360	   3312	  12568	   3118	Test_Timer.elf
'Finished building: Test_Timer.elf.size'
' '
20:15:12 **** Auto Build of configuration Debug for project Test_Timer ****
make all 
'Building file: ../src/main.c'
'Invoking: MicroBlaze gcc compiler'
mb-gcc -Wall -O0 -g3 -c -fmessage-length=0 -MT"src/main.o" -I../../Test_Timer_bsp/microblaze_0/include -mlittle-endian -mcpu=v11.0 -mxl-soft-mul -Wl,--no-relax -ffunction-sections -fdata-sections -MMD -MP -MF"src/main.d" -MT"src/main.o" -o "src/main.o" "../src/main.c"
'Finished building: ../src/main.c'
' '
'Building target: Test_Timer.elf'
'Invoking: MicroBlaze gcc linker'
mb-gcc -Wl,-T -Wl,../src/lscript.ld -L../../Test_Timer_bsp/microblaze_0/lib -mlittle-endian -mcpu=v11.0 -mxl-soft-mul -Wl,--no-relax -Wl,--gc-sections -o "Test_Timer.elf"  ./src/main.o ./src/platform.o   -Wl,--start-group,-lxil,-lgcc,-lc,--end-group
'Finished building target: Test_Timer.elf'
' '
'Invoking: MicroBlaze Print Size'
mb-size Test_Timer.elf  |tee "Test_Timer.elf.size"
   text	   data	    bss	    dec	    hex	filename
   8892	    360	   3316	  12568	   3118	Test_Timer.elf
'Finished building: Test_Timer.elf.size'
' '
20:15:22 **** Incremental Build of configuration Debug for project Test_Timer ****
make all 
make: Nothing to be done for 'all'.
20:36:02 **** Auto Build of configuration Debug for project Test_Timer ****
make all 
'Building file: ../src/main.c'
'Invoking: MicroBlaze gcc compiler'
mb-gcc -Wall -O0 -g3 -c -fmessage-length=0 -MT"src/main.o" -I../../Test_Timer_bsp/microblaze_0/include -mlittle-endian -mcpu=v11.0 -mxl-soft-mul -Wl,--no-relax -ffunction-sections -fdata-sections -MMD -MP -MF"src/main.d" -MT"src/main.o" -o "src/main.o" "../src/main.c"
../src/main.c: In function 'Timer_init':
../src/main.c:54:1: warning: control reaches end of non-void function [-Wreturn-type]
 }
 ^
'Finished building: ../src/main.c'
' '
'Building target: Test_Timer.elf'
'Invoking: MicroBlaze gcc linker'
mb-gcc -Wl,-T -Wl,../src/lscript.ld -L../../Test_Timer_bsp/microblaze_0/lib -mlittle-endian -mcpu=v11.0 -mxl-soft-mul -Wl,--no-relax -Wl,--gc-sections -o "Test_Timer.elf"  ./src/main.o ./src/platform.o   -Wl,--start-group,-lxil,-lgcc,-lc,--end-group
'Finished building target: Test_Timer.elf'
' '
'Invoking: MicroBlaze Print Size'
mb-size Test_Timer.elf  |tee "Test_Timer.elf.size"
   text	   data	    bss	    dec	    hex	filename
   7880	    340	   3316	  11536	   2d10	Test_Timer.elf
'Finished building: Test_Timer.elf.size'
' '
20:36:16 **** Auto Build of configuration Debug for project Test_Timer ****
make all 
'Building file: ../src/main.c'
'Invoking: MicroBlaze gcc compiler'
mb-gcc -Wall -O0 -g3 -c -fmessage-length=0 -MT"src/main.o" -I../../Test_Timer_bsp/microblaze_0/include -mlittle-endian -mcpu=v11.0 -mxl-soft-mul -Wl,--no-relax -ffunction-sections -fdata-sections -MMD -MP -MF"src/main.d" -MT"src/main.o" -o "src/main.o" "../src/main.c"
'Finished building: ../src/main.c'
' '
'Building target: Test_Timer.elf'
'Invoking: MicroBlaze gcc linker'
mb-gcc -Wl,-T -Wl,../src/lscript.ld -L../../Test_Timer_bsp/microblaze_0/lib -mlittle-endian -mcpu=v11.0 -mxl-soft-mul -Wl,--no-relax -Wl,--gc-sections -o "Test_Timer.elf"  ./src/main.o ./src/platform.o   -Wl,--start-group,-lxil,-lgcc,-lc,--end-group
'Finished building target: Test_Timer.elf'
' '
'Invoking: MicroBlaze Print Size'
mb-size Test_Timer.elf  |tee "Test_Timer.elf.size"
   text	   data	    bss	    dec	    hex	filename
   7884	    340	   3320	  11544	   2d18	Test_Timer.elf
'Finished building: Test_Timer.elf.size'
' '
20:36:29 **** Incremental Build of configuration Debug for project Test_Timer ****
make all 
make: Nothing to be done for 'all'.
20:37:11 **** Auto Build of configuration Debug for project Test_Timer ****
make all 
'Building file: ../src/main.c'
'Invoking: MicroBlaze gcc compiler'
mb-gcc -Wall -O0 -g3 -c -fmessage-length=0 -MT"src/main.o" -I../../Test_Timer_bsp/microblaze_0/include -mlittle-endian -mcpu=v11.0 -mxl-soft-mul -Wl,--no-relax -ffunction-sections -fdata-sections -MMD -MP -MF"src/main.d" -MT"src/main.o" -o "src/main.o" "../src/main.c"
'Finished building: ../src/main.c'
' '
'Building target: Test_Timer.elf'
'Invoking: MicroBlaze gcc linker'
mb-gcc -Wl,-T -Wl,../src/lscript.ld -L../../Test_Timer_bsp/microblaze_0/lib -mlittle-endian -mcpu=v11.0 -mxl-soft-mul -Wl,--no-relax -Wl,--gc-sections -o "Test_Timer.elf"  ./src/main.o ./src/platform.o   -Wl,--start-group,-lxil,-lgcc,-lc,--end-group
'Finished building target: Test_Timer.elf'
' '
'Invoking: MicroBlaze Print Size'
mb-size Test_Timer.elf  |tee "Test_Timer.elf.size"
   text	   data	    bss	    dec	    hex	filename
   8892	    360	   3316	  12568	   3118	Test_Timer.elf
'Finished building: Test_Timer.elf.size'
' '
20:37:38 **** Incremental Build of configuration Debug for project Test_Timer ****
make all 
make: Nothing to be done for 'all'.
20:42:31 **** Auto Build of configuration Debug for project Test_Timer ****
make all 
'Building file: ../src/main.c'
'Invoking: MicroBlaze gcc compiler'
mb-gcc -Wall -O0 -g3 -c -fmessage-length=0 -MT"src/main.o" -I../../Test_Timer_bsp/microblaze_0/include -mlittle-endian -mcpu=v11.0 -mxl-soft-mul -Wl,--no-relax -ffunction-sections -fdata-sections -MMD -MP -MF"src/main.d" -MT"src/main.o" -o "src/main.o" "../src/main.c"
'Finished building: ../src/main.c'
' '
'Building target: Test_Timer.elf'
'Invoking: MicroBlaze gcc linker'
mb-gcc -Wl,-T -Wl,../src/lscript.ld -L../../Test_Timer_bsp/microblaze_0/lib -mlittle-endian -mcpu=v11.0 -mxl-soft-mul -Wl,--no-relax -Wl,--gc-sections -o "Test_Timer.elf"  ./src/main.o ./src/platform.o   -Wl,--start-group,-lxil,-lgcc,-lc,--end-group
'Finished building target: Test_Timer.elf'
' '
'Invoking: MicroBlaze Print Size'
mb-size Test_Timer.elf  |tee "Test_Timer.elf.size"
   text	   data	    bss	    dec	    hex	filename
   8976	    360	   3312	  12648	   3168	Test_Timer.elf
'Finished building: Test_Timer.elf.size'
' '
20:42:55 **** Auto Build of configuration Debug for project Test_Timer ****
make all 
'Building file: ../src/main.c'
'Invoking: MicroBlaze gcc compiler'
mb-gcc -Wall -O0 -g3 -c -fmessage-length=0 -MT"src/main.o" -I../../Test_Timer_bsp/microblaze_0/include -mlittle-endian -mcpu=v11.0 -mxl-soft-mul -Wl,--no-relax -ffunction-sections -fdata-sections -MMD -MP -MF"src/main.d" -MT"src/main.o" -o "src/main.o" "../src/main.c"
'Finished building: ../src/main.c'
' '
'Building target: Test_Timer.elf'
'Invoking: MicroBlaze gcc linker'
mb-gcc -Wl,-T -Wl,../src/lscript.ld -L../../Test_Timer_bsp/microblaze_0/lib -mlittle-endian -mcpu=v11.0 -mxl-soft-mul -Wl,--no-relax -Wl,--gc-sections -o "Test_Timer.elf"  ./src/main.o ./src/platform.o   -Wl,--start-group,-lxil,-lgcc,-lc,--end-group
'Finished building target: Test_Timer.elf'
' '
'Invoking: MicroBlaze Print Size'
mb-size Test_Timer.elf  |tee "Test_Timer.elf.size"
   text	   data	    bss	    dec	    hex	filename
   8880	    360	   3312	  12552	   3108	Test_Timer.elf
'Finished building: Test_Timer.elf.size'
' '
20:43:19 **** Incremental Build of configuration Debug for project Test_Timer ****
make all 
make: Nothing to be done for 'all'.
20:43:43 **** Auto Build of configuration Debug for project Test_Timer ****
make all 
'Building file: ../src/main.c'
'Invoking: MicroBlaze gcc compiler'
mb-gcc -Wall -O0 -g3 -c -fmessage-length=0 -MT"src/main.o" -I../../Test_Timer_bsp/microblaze_0/include -mlittle-endian -mcpu=v11.0 -mxl-soft-mul -Wl,--no-relax -ffunction-sections -fdata-sections -MMD -MP -MF"src/main.d" -MT"src/main.o" -o "src/main.o" "../src/main.c"
'Finished building: ../src/main.c'
' '
'Building target: Test_Timer.elf'
'Invoking: MicroBlaze gcc linker'
mb-gcc -Wl,-T -Wl,../src/lscript.ld -L../../Test_Timer_bsp/microblaze_0/lib -mlittle-endian -mcpu=v11.0 -mxl-soft-mul -Wl,--no-relax -Wl,--gc-sections -o "Test_Timer.elf"  ./src/main.o ./src/platform.o   -Wl,--start-group,-lxil,-lgcc,-lc,--end-group
'Finished building target: Test_Timer.elf'
' '
'Invoking: MicroBlaze Print Size'
mb-size Test_Timer.elf  |tee "Test_Timer.elf.size"
   text	   data	    bss	    dec	    hex	filename
   8888	    360	   3312	  12560	   3110	Test_Timer.elf
'Finished building: Test_Timer.elf.size'
' '
20:43:44 **** Incremental Build of configuration Debug for project Test_Timer ****
make all 
make: Nothing to be done for 'all'.
20:45:48 **** Auto Build of configuration Debug for project Test_Timer ****
make all 
'Building file: ../src/main.c'
'Invoking: MicroBlaze gcc compiler'
mb-gcc -Wall -O0 -g3 -c -fmessage-length=0 -MT"src/main.o" -I../../Test_Timer_bsp/microblaze_0/include -mlittle-endian -mcpu=v11.0 -mxl-soft-mul -Wl,--no-relax -ffunction-sections -fdata-sections -MMD -MP -MF"src/main.d" -MT"src/main.o" -o "src/main.o" "../src/main.c"
../src/main.c: In function 'Animer_message':
../src/main.c:54:33: warning: left shift count >= width of type [-Wshift-count-overflow]
  uint16_t SwData=(*ptrSw&0x000F)<<8+256;
                                 ^~
../src/main.c:54:33: warning: suggest parentheses around '+' inside '<<' [-Wparentheses]
'Finished building: ../src/main.c'
' '
'Building target: Test_Timer.elf'
'Invoking: MicroBlaze gcc linker'
mb-gcc -Wl,-T -Wl,../src/lscript.ld -L../../Test_Timer_bsp/microblaze_0/lib -mlittle-endian -mcpu=v11.0 -mxl-soft-mul -Wl,--no-relax -Wl,--gc-sections -o "Test_Timer.elf"  ./src/main.o ./src/platform.o   -Wl,--start-group,-lxil,-lgcc,-lc,--end-group
'Finished building target: Test_Timer.elf'
' '
'Invoking: MicroBlaze Print Size'
mb-size Test_Timer.elf  |tee "Test_Timer.elf.size"
   text	   data	    bss	    dec	    hex	filename
   8836	    360	   3316	  12512	   30e0	Test_Timer.elf
'Finished building: Test_Timer.elf.size'
' '
20:46:02 **** Auto Build of configuration Debug for project Test_Timer ****
make all 
'Building file: ../src/main.c'
'Invoking: MicroBlaze gcc compiler'
mb-gcc -Wall -O0 -g3 -c -fmessage-length=0 -MT"src/main.o" -I../../Test_Timer_bsp/microblaze_0/include -mlittle-endian -mcpu=v11.0 -mxl-soft-mul -Wl,--no-relax -ffunction-sections -fdata-sections -MMD -MP -MF"src/main.d" -MT"src/main.o" -o "src/main.o" "../src/main.c"
'Finished building: ../src/main.c'
' '
'Building target: Test_Timer.elf'
'Invoking: MicroBlaze gcc linker'
mb-gcc -Wl,-T -Wl,../src/lscript.ld -L../../Test_Timer_bsp/microblaze_0/lib -mlittle-endian -mcpu=v11.0 -mxl-soft-mul -Wl,--no-relax -Wl,--gc-sections -o "Test_Timer.elf"  ./src/main.o ./src/platform.o   -Wl,--start-group,-lxil,-lgcc,-lc,--end-group
'Finished building target: Test_Timer.elf'
' '
'Invoking: MicroBlaze Print Size'
mb-size Test_Timer.elf  |tee "Test_Timer.elf.size"
   text	   data	    bss	    dec	    hex	filename
   8900	    360	   3316	  12576	   3120	Test_Timer.elf
'Finished building: Test_Timer.elf.size'
' '
20:46:05 **** Incremental Build of configuration Debug for project Test_Timer ****
make all 
make: Nothing to be done for 'all'.
20:46:40 **** Auto Build of configuration Debug for project Test_Timer ****
make all 
'Building file: ../src/main.c'
'Invoking: MicroBlaze gcc compiler'
mb-gcc -Wall -O0 -g3 -c -fmessage-length=0 -MT"src/main.o" -I../../Test_Timer_bsp/microblaze_0/include -mlittle-endian -mcpu=v11.0 -mxl-soft-mul -Wl,--no-relax -ffunction-sections -fdata-sections -MMD -MP -MF"src/main.d" -MT"src/main.o" -o "src/main.o" "../src/main.c"
'Finished building: ../src/main.c'
' '
'Building target: Test_Timer.elf'
'Invoking: MicroBlaze gcc linker'
mb-gcc -Wl,-T -Wl,../src/lscript.ld -L../../Test_Timer_bsp/microblaze_0/lib -mlittle-endian -mcpu=v11.0 -mxl-soft-mul -Wl,--no-relax -Wl,--gc-sections -o "Test_Timer.elf"  ./src/main.o ./src/platform.o   -Wl,--start-group,-lxil,-lgcc,-lc,--end-group
'Finished building target: Test_Timer.elf'
' '
'Invoking: MicroBlaze Print Size'
mb-size Test_Timer.elf  |tee "Test_Timer.elf.size"
   text	   data	    bss	    dec	    hex	filename
   8904	    360	   3312	  12576	   3120	Test_Timer.elf
'Finished building: Test_Timer.elf.size'
' '
20:46:41 **** Incremental Build of configuration Debug for project Test_Timer ****
make all 
make: Nothing to be done for 'all'.
20:49:19 **** Auto Build of configuration Debug for project Test_Timer ****
make all 
'Building file: ../src/main.c'
'Invoking: MicroBlaze gcc compiler'
mb-gcc -Wall -O0 -g3 -c -fmessage-length=0 -MT"src/main.o" -I../../Test_Timer_bsp/microblaze_0/include -mlittle-endian -mcpu=v11.0 -mxl-soft-mul -Wl,--no-relax -ffunction-sections -fdata-sections -MMD -MP -MF"src/main.d" -MT"src/main.o" -o "src/main.o" "../src/main.c"
../src/main.c: In function 'Animer_message':
../src/main.c:55:10: error: 'sens' redeclared as different kind of symbol
  uint8_t sens=*ptrSw&0x8000;
          ^~~~
../src/main.c:51:29: note: previous definition of 'sens' was here
 void Animer_message(uint8_t sens){//sens de défilement, à gauche 0, à droite 1
                     ~~~~~~~~^~~~
make: *** [src/subdir.mk:26: src/main.o] Error 1
20:49:30 **** Auto Build of configuration Debug for project Test_Timer ****
make all 
'Building file: ../src/main.c'
'Invoking: MicroBlaze gcc compiler'
mb-gcc -Wall -O0 -g3 -c -fmessage-length=0 -MT"src/main.o" -I../../Test_Timer_bsp/microblaze_0/include -mlittle-endian -mcpu=v11.0 -mxl-soft-mul -Wl,--no-relax -ffunction-sections -fdata-sections -MMD -MP -MF"src/main.d" -MT"src/main.o" -o "src/main.o" "../src/main.c"
'Finished building: ../src/main.c'
' '
'Building target: Test_Timer.elf'
'Invoking: MicroBlaze gcc linker'
mb-gcc -Wl,-T -Wl,../src/lscript.ld -L../../Test_Timer_bsp/microblaze_0/lib -mlittle-endian -mcpu=v11.0 -mxl-soft-mul -Wl,--no-relax -Wl,--gc-sections -o "Test_Timer.elf"  ./src/main.o ./src/platform.o   -Wl,--start-group,-lxil,-lgcc,-lc,--end-group
'Finished building target: Test_Timer.elf'
' '
'Invoking: MicroBlaze Print Size'
mb-size Test_Timer.elf  |tee "Test_Timer.elf.size"
   text	   data	    bss	    dec	    hex	filename
   8904	    360	   3312	  12576	   3120	Test_Timer.elf
'Finished building: Test_Timer.elf.size'
' '
20:49:45 **** Incremental Build of configuration Debug for project Test_Timer ****
make all 
make: Nothing to be done for 'all'.
20:50:45 **** Auto Build of configuration Debug for project Test_Timer ****
make all 
'Building file: ../src/main.c'
'Invoking: MicroBlaze gcc compiler'
mb-gcc -Wall -O0 -g3 -c -fmessage-length=0 -MT"src/main.o" -I../../Test_Timer_bsp/microblaze_0/include -mlittle-endian -mcpu=v11.0 -mxl-soft-mul -Wl,--no-relax -ffunction-sections -fdata-sections -MMD -MP -MF"src/main.d" -MT"src/main.o" -o "src/main.o" "../src/main.c"
'Finished building: ../src/main.c'
' '
'Building target: Test_Timer.elf'
'Invoking: MicroBlaze gcc linker'
mb-gcc -Wl,-T -Wl,../src/lscript.ld -L../../Test_Timer_bsp/microblaze_0/lib -mlittle-endian -mcpu=v11.0 -mxl-soft-mul -Wl,--no-relax -Wl,--gc-sections -o "Test_Timer.elf"  ./src/main.o ./src/platform.o   -Wl,--start-group,-lxil,-lgcc,-lc,--end-group
'Finished building target: Test_Timer.elf'
' '
'Invoking: MicroBlaze Print Size'
mb-size Test_Timer.elf  |tee "Test_Timer.elf.size"
   text	   data	    bss	    dec	    hex	filename
   8904	    360	   3312	  12576	   3120	Test_Timer.elf
'Finished building: Test_Timer.elf.size'
' '
20:50:51 **** Incremental Build of configuration Debug for project Test_Timer ****
make all 
make: Nothing to be done for 'all'.
20:52:09 **** Incremental Build of configuration Debug for project Test_Timer ****
make all 
make: Nothing to be done for 'all'.
20:52:20 **** Incremental Build of configuration Debug for project Test_Timer ****
make all 
make: Nothing to be done for 'all'.
20:53:48 **** Incremental Build of configuration Debug for project Test_Timer ****
make all 
make: Nothing to be done for 'all'.
20:54:48 **** Auto Build of configuration Debug for project Test_Timer ****
make all 
'Building file: ../src/main.c'
'Invoking: MicroBlaze gcc compiler'
mb-gcc -Wall -O0 -g3 -c -fmessage-length=0 -MT"src/main.o" -I../../Test_Timer_bsp/microblaze_0/include -mlittle-endian -mcpu=v11.0 -mxl-soft-mul -Wl,--no-relax -ffunction-sections -fdata-sections -MMD -MP -MF"src/main.d" -MT"src/main.o" -o "src/main.o" "../src/main.c"
'Finished building: ../src/main.c'
' '
'Building target: Test_Timer.elf'
'Invoking: MicroBlaze gcc linker'
mb-gcc -Wl,-T -Wl,../src/lscript.ld -L../../Test_Timer_bsp/microblaze_0/lib -mlittle-endian -mcpu=v11.0 -mxl-soft-mul -Wl,--no-relax -Wl,--gc-sections -o "Test_Timer.elf"  ./src/main.o ./src/platform.o   -Wl,--start-group,-lxil,-lgcc,-lc,--end-group
'Finished building target: Test_Timer.elf'
' '
'Invoking: MicroBlaze Print Size'
mb-size Test_Timer.elf  |tee "Test_Timer.elf.size"
   text	   data	    bss	    dec	    hex	filename
   8528	    360	   3312	  12200	   2fa8	Test_Timer.elf
'Finished building: Test_Timer.elf.size'
' '
20:54:51 **** Auto Build of configuration Debug for project Test_Timer ****
make all 
'Building file: ../src/main.c'
'Invoking: MicroBlaze gcc compiler'
mb-gcc -Wall -O0 -g3 -c -fmessage-length=0 -MT"src/main.o" -I../../Test_Timer_bsp/microblaze_0/include -mlittle-endian -mcpu=v11.0 -mxl-soft-mul -Wl,--no-relax -ffunction-sections -fdata-sections -MMD -MP -MF"src/main.d" -MT"src/main.o" -o "src/main.o" "../src/main.c"
'Finished building: ../src/main.c'
' '
'Building target: Test_Timer.elf'
'Invoking: MicroBlaze gcc linker'
mb-gcc -Wl,-T -Wl,../src/lscript.ld -L../../Test_Timer_bsp/microblaze_0/lib -mlittle-endian -mcpu=v11.0 -mxl-soft-mul -Wl,--no-relax -Wl,--gc-sections -o "Test_Timer.elf"  ./src/main.o ./src/platform.o   -Wl,--start-group,-lxil,-lgcc,-lc,--end-group
'Finished building target: Test_Timer.elf'
' '
'Invoking: MicroBlaze Print Size'
mb-size Test_Timer.elf  |tee "Test_Timer.elf.size"
   text	   data	    bss	    dec	    hex	filename
   8528	    360	   3312	  12200	   2fa8	Test_Timer.elf
'Finished building: Test_Timer.elf.size'
' '
20:54:52 **** Incremental Build of configuration Debug for project Test_Timer ****
make all 
make: Nothing to be done for 'all'.
20:55:07 **** Incremental Build of configuration Debug for project Test_Timer ****
make all 
make: Nothing to be done for 'all'.
21:21:31 **** Auto Build of configuration Debug for project Test_Timer ****
make all 
'Building file: ../src/main.c'
'Invoking: MicroBlaze gcc compiler'
mb-gcc -Wall -O0 -g3 -c -fmessage-length=0 -MT"src/main.o" -I../../Test_Timer_bsp/microblaze_0/include -mlittle-endian -mcpu=v11.0 -mxl-soft-mul -Wl,--no-relax -ffunction-sections -fdata-sections -MMD -MP -MF"src/main.d" -MT"src/main.o" -o "src/main.o" "../src/main.c"
'Finished building: ../src/main.c'
' '
'Building target: Test_Timer.elf'
'Invoking: MicroBlaze gcc linker'
mb-gcc -Wl,-T -Wl,../src/lscript.ld -L../../Test_Timer_bsp/microblaze_0/lib -mlittle-endian -mcpu=v11.0 -mxl-soft-mul -Wl,--no-relax -Wl,--gc-sections -o "Test_Timer.elf"  ./src/main.o ./src/platform.o   -Wl,--start-group,-lxil,-lgcc,-lc,--end-group
'Finished building target: Test_Timer.elf'
' '
'Invoking: MicroBlaze Print Size'
mb-size Test_Timer.elf  |tee "Test_Timer.elf.size"
   text	   data	    bss	    dec	    hex	filename
   8612	    360	   3316	  12288	   3000	Test_Timer.elf
'Finished building: Test_Timer.elf.size'
' '
21:21:36 **** Incremental Build of configuration Debug for project Test_Timer ****
make all 
make: Nothing to be done for 'all'.
21:23:06 **** Incremental Build of configuration Debug for project Test_Timer ****
make all 
make: Nothing to be done for 'all'.
21:29:12 **** Auto Build of configuration Debug for project Test_Timer ****
make all 
'Building file: ../src/main.c'
'Invoking: MicroBlaze gcc compiler'
mb-gcc -Wall -O0 -g3 -c -fmessage-length=0 -MT"src/main.o" -I../../Test_Timer_bsp/microblaze_0/include -mlittle-endian -mcpu=v11.0 -mxl-soft-mul -Wl,--no-relax -ffunction-sections -fdata-sections -MMD -MP -MF"src/main.d" -MT"src/main.o" -o "src/main.o" "../src/main.c"
'Finished building: ../src/main.c'
' '
'Building target: Test_Timer.elf'
'Invoking: MicroBlaze gcc linker'
mb-gcc -Wl,-T -Wl,../src/lscript.ld -L../../Test_Timer_bsp/microblaze_0/lib -mlittle-endian -mcpu=v11.0 -mxl-soft-mul -Wl,--no-relax -Wl,--gc-sections -o "Test_Timer.elf"  ./src/main.o ./src/platform.o   -Wl,--start-group,-lxil,-lgcc,-lc,--end-group
'Finished building target: Test_Timer.elf'
' '
'Invoking: MicroBlaze Print Size'
mb-size Test_Timer.elf  |tee "Test_Timer.elf.size"
   text	   data	    bss	    dec	    hex	filename
   8612	    360	   3316	  12288	   3000	Test_Timer.elf
'Finished building: Test_Timer.elf.size'
' '
21:30:05 **** Auto Build of configuration Debug for project Test_Timer ****
make all 
'Building file: ../src/main.c'
'Invoking: MicroBlaze gcc compiler'
mb-gcc -Wall -O0 -g3 -c -fmessage-length=0 -MT"src/main.o" -I../../Test_Timer_bsp/microblaze_0/include -mlittle-endian -mcpu=v11.0 -mxl-soft-mul -Wl,--no-relax -ffunction-sections -fdata-sections -MMD -MP -MF"src/main.d" -MT"src/main.o" -o "src/main.o" "../src/main.c"
'Finished building: ../src/main.c'
' '
'Building target: Test_Timer.elf'
'Invoking: MicroBlaze gcc linker'
mb-gcc -Wl,-T -Wl,../src/lscript.ld -L../../Test_Timer_bsp/microblaze_0/lib -mlittle-endian -mcpu=v11.0 -mxl-soft-mul -Wl,--no-relax -Wl,--gc-sections -o "Test_Timer.elf"  ./src/main.o ./src/platform.o   -Wl,--start-group,-lxil,-lgcc,-lc,--end-group
'Finished building target: Test_Timer.elf'
' '
'Invoking: MicroBlaze Print Size'
mb-size Test_Timer.elf  |tee "Test_Timer.elf.size"
   text	   data	    bss	    dec	    hex	filename
   8612	    360	   3316	  12288	   3000	Test_Timer.elf
'Finished building: Test_Timer.elf.size'
' '
21:43:43 **** Auto Build of configuration Debug for project Test_Timer ****
make all 
'Building file: ../src/main.c'
'Invoking: MicroBlaze gcc compiler'
mb-gcc -Wall -O0 -g3 -c -fmessage-length=0 -MT"src/main.o" -I../../Test_Timer_bsp/microblaze_0/include -mlittle-endian -mcpu=v11.0 -mxl-soft-mul -Wl,--no-relax -ffunction-sections -fdata-sections -MMD -MP -MF"src/main.d" -MT"src/main.o" -o "src/main.o" "../src/main.c"
../src/main.c:11:1: error: unknown type name 'XGpio'
 XGpio btn;
 ^~~~~
make: *** [src/subdir.mk:26: src/main.o] Error 1
21:44:09 **** Auto Build of configuration Debug for project Test_Timer ****
make all 
'Building file: ../src/main.c'
'Invoking: MicroBlaze gcc compiler'
mb-gcc -Wall -O0 -g3 -c -fmessage-length=0 -MT"src/main.o" -I../../Test_Timer_bsp/microblaze_0/include -mlittle-endian -mcpu=v11.0 -mxl-soft-mul -Wl,--no-relax -ffunction-sections -fdata-sections -MMD -MP -MF"src/main.d" -MT"src/main.o" -o "src/main.o" "../src/main.c"
../src/main.c:6:10: fatal error: xGpio: No such file or directory
 #include "xGpio"
          ^~~~~~~
compilation terminated.
make: *** [src/subdir.mk:26: src/main.o] Error 1
21:44:20 **** Auto Build of configuration Debug for project Test_Timer ****
make all 
'Building file: ../src/main.c'
'Invoking: MicroBlaze gcc compiler'
mb-gcc -Wall -O0 -g3 -c -fmessage-length=0 -MT"src/main.o" -I../../Test_Timer_bsp/microblaze_0/include -mlittle-endian -mcpu=v11.0 -mxl-soft-mul -Wl,--no-relax -ffunction-sections -fdata-sections -MMD -MP -MF"src/main.d" -MT"src/main.o" -o "src/main.o" "../src/main.c"
'Finished building: ../src/main.c'
' '
'Building target: Test_Timer.elf'
'Invoking: MicroBlaze gcc linker'
mb-gcc -Wl,-T -Wl,../src/lscript.ld -L../../Test_Timer_bsp/microblaze_0/lib -mlittle-endian -mcpu=v11.0 -mxl-soft-mul -Wl,--no-relax -Wl,--gc-sections -o "Test_Timer.elf"  ./src/main.o ./src/platform.o   -Wl,--start-group,-lxil,-lgcc,-lc,--end-group
'Finished building target: Test_Timer.elf'
' '
'Invoking: MicroBlaze Print Size'
mb-size Test_Timer.elf  |tee "Test_Timer.elf.size"
   text	   data	    bss	    dec	    hex	filename
   8696	    360	   3328	  12384	   3060	Test_Timer.elf
'Finished building: Test_Timer.elf.size'
' '
21:49:43 **** Auto Build of configuration Debug for project Test_Timer ****
make all 
'Building file: ../src/main.c'
'Invoking: MicroBlaze gcc compiler'
mb-gcc -Wall -O0 -g3 -c -fmessage-length=0 -MT"src/main.o" -I../../Test_Timer_bsp/microblaze_0/include -mlittle-endian -mcpu=v11.0 -mxl-soft-mul -Wl,--no-relax -ffunction-sections -fdata-sections -MMD -MP -MF"src/main.d" -MT"src/main.o" -o "src/main.o" "../src/main.c"
'Finished building: ../src/main.c'
' '
'Building target: Test_Timer.elf'
'Invoking: MicroBlaze gcc linker'
mb-gcc -Wl,-T -Wl,../src/lscript.ld -L../../Test_Timer_bsp/microblaze_0/lib -mlittle-endian -mcpu=v11.0 -mxl-soft-mul -Wl,--no-relax -Wl,--gc-sections -o "Test_Timer.elf"  ./src/main.o ./src/platform.o   -Wl,--start-group,-lxil,-lgcc,-lc,--end-group
'Finished building target: Test_Timer.elf'
' '
'Invoking: MicroBlaze Print Size'
mb-size Test_Timer.elf  |tee "Test_Timer.elf.size"
   text	   data	    bss	    dec	    hex	filename
   8696	    360	   3328	  12384	   3060	Test_Timer.elf
'Finished building: Test_Timer.elf.size'
' '
21:49:51 **** Auto Build of configuration Debug for project Test_Timer ****
make all 
'Building file: ../src/main.c'
'Invoking: MicroBlaze gcc compiler'
mb-gcc -Wall -O0 -g3 -c -fmessage-length=0 -MT"src/main.o" -I../../Test_Timer_bsp/microblaze_0/include -mlittle-endian -mcpu=v11.0 -mxl-soft-mul -Wl,--no-relax -ffunction-sections -fdata-sections -MMD -MP -MF"src/main.d" -MT"src/main.o" -o "src/main.o" "../src/main.c"
'Finished building: ../src/main.c'
' '
'Building target: Test_Timer.elf'
'Invoking: MicroBlaze gcc linker'
mb-gcc -Wl,-T -Wl,../src/lscript.ld -L../../Test_Timer_bsp/microblaze_0/lib -mlittle-endian -mcpu=v11.0 -mxl-soft-mul -Wl,--no-relax -Wl,--gc-sections -o "Test_Timer.elf"  ./src/main.o ./src/platform.o   -Wl,--start-group,-lxil,-lgcc,-lc,--end-group
'Finished building target: Test_Timer.elf'
' '
'Invoking: MicroBlaze Print Size'
mb-size Test_Timer.elf  |tee "Test_Timer.elf.size"
   text	   data	    bss	    dec	    hex	filename
   8696	    360	   3328	  12384	   3060	Test_Timer.elf
'Finished building: Test_Timer.elf.size'
' '
21:52:17 **** Auto Build of configuration Debug for project Test_Timer ****
make all 
'Building file: ../src/main.c'
'Invoking: MicroBlaze gcc compiler'
mb-gcc -Wall -O0 -g3 -c -fmessage-length=0 -MT"src/main.o" -I../../Test_Timer_bsp/microblaze_0/include -mlittle-endian -mcpu=v11.0 -mxl-soft-mul -Wl,--no-relax -ffunction-sections -fdata-sections -MMD -MP -MF"src/main.d" -MT"src/main.o" -o "src/main.o" "../src/main.c"
'Finished building: ../src/main.c'
' '
'Building target: Test_Timer.elf'
'Invoking: MicroBlaze gcc linker'
mb-gcc -Wl,-T -Wl,../src/lscript.ld -L../../Test_Timer_bsp/microblaze_0/lib -mlittle-endian -mcpu=v11.0 -mxl-soft-mul -Wl,--no-relax -Wl,--gc-sections -o "Test_Timer.elf"  ./src/main.o ./src/platform.o   -Wl,--start-group,-lxil,-lgcc,-lc,--end-group
'Finished building target: Test_Timer.elf'
' '
'Invoking: MicroBlaze Print Size'
mb-size Test_Timer.elf  |tee "Test_Timer.elf.size"
   text	   data	    bss	    dec	    hex	filename
   8404	    360	   3332	  12096	   2f40	Test_Timer.elf
'Finished building: Test_Timer.elf.size'
' '
21:52:20 **** Incremental Build of configuration Debug for project Test_Timer ****
make all 
make: Nothing to be done for 'all'.
21:52:36 **** Incremental Build of configuration Debug for project Test_Timer ****
make all 
make: Nothing to be done for 'all'.
21:57:38 **** Auto Build of configuration Debug for project Test_Timer ****
make all 
'Building file: ../src/main.c'
'Invoking: MicroBlaze gcc compiler'
mb-gcc -Wall -O0 -g3 -c -fmessage-length=0 -MT"src/main.o" -I../../Test_Timer_bsp/microblaze_0/include -mlittle-endian -mcpu=v11.0 -mxl-soft-mul -Wl,--no-relax -ffunction-sections -fdata-sections -MMD -MP -MF"src/main.d" -MT"src/main.o" -o "src/main.o" "../src/main.c"
../src/main.c: In function 'Interrupt_init':
../src/main.c:79:4: error: 'ptrSw' undeclared (first use in this function); did you mean 'ptrBtn'?
  *(ptrSw+0x0002)=1;
    ^~~~~
    ptrBtn
../src/main.c:79:4: note: each undeclared identifier is reported only once for each function it appears in
../src/main.c:78:22: warning: unused variable 'ptrBtn' [-Wunused-variable]
  volatile uint16_t * ptrBtn = (uint16_t *)(XPAR_GPIO_0_BASEADDR);
                      ^~~~~~
make: *** [src/subdir.mk:26: src/main.o] Error 1
21:57:51 **** Auto Build of configuration Debug for project Test_Timer ****
make all 
'Building file: ../src/main.c'
'Invoking: MicroBlaze gcc compiler'
mb-gcc -Wall -O0 -g3 -c -fmessage-length=0 -MT"src/main.o" -I../../Test_Timer_bsp/microblaze_0/include -mlittle-endian -mcpu=v11.0 -mxl-soft-mul -Wl,--no-relax -ffunction-sections -fdata-sections -MMD -MP -MF"src/main.d" -MT"src/main.o" -o "src/main.o" "../src/main.c"
'Finished building: ../src/main.c'
' '
'Building target: Test_Timer.elf'
'Invoking: MicroBlaze gcc linker'
mb-gcc -Wl,-T -Wl,../src/lscript.ld -L../../Test_Timer_bsp/microblaze_0/lib -mlittle-endian -mcpu=v11.0 -mxl-soft-mul -Wl,--no-relax -Wl,--gc-sections -o "Test_Timer.elf"  ./src/main.o ./src/platform.o   -Wl,--start-group,-lxil,-lgcc,-lc,--end-group
'Finished building target: Test_Timer.elf'
' '
'Invoking: MicroBlaze Print Size'
mb-size Test_Timer.elf  |tee "Test_Timer.elf.size"
   text	   data	    bss	    dec	    hex	filename
   8432	    360	   3328	  12120	   2f58	Test_Timer.elf
'Finished building: Test_Timer.elf.size'
' '
22:00:51 **** Auto Build of configuration Debug for project Test_Timer ****
make all 
'Building file: ../src/main.c'
'Invoking: MicroBlaze gcc compiler'
mb-gcc -Wall -O0 -g3 -c -fmessage-length=0 -MT"src/main.o" -I../../Test_Timer_bsp/microblaze_0/include -mlittle-endian -mcpu=v11.0 -mxl-soft-mul -Wl,--no-relax -ffunction-sections -fdata-sections -MMD -MP -MF"src/main.d" -MT"src/main.o" -o "src/main.o" "../src/main.c"
../src/main.c: In function 'Interrupt_init':
../src/main.c:82:25: error: 'btn_0' undeclared (first use in this function); did you mean 'btn'?
  XGpio_InterruptEnable(&btn_0, 0xFF);
                         ^~~~~
                         btn
../src/main.c:82:25: note: each undeclared identifier is reported only once for each function it appears in
make: *** [src/subdir.mk:26: src/main.o] Error 1
22:01:41 **** Auto Build of configuration Debug for project Test_Timer ****
make all 
'Building file: ../src/main.c'
'Invoking: MicroBlaze gcc compiler'
mb-gcc -Wall -O0 -g3 -c -fmessage-length=0 -MT"src/main.o" -I../../Test_Timer_bsp/microblaze_0/include -mlittle-endian -mcpu=v11.0 -mxl-soft-mul -Wl,--no-relax -ffunction-sections -fdata-sections -MMD -MP -MF"src/main.d" -MT"src/main.o" -o "src/main.o" "../src/main.c"
'Finished building: ../src/main.c'
' '
'Building target: Test_Timer.elf'
'Invoking: MicroBlaze gcc linker'
mb-gcc -Wl,-T -Wl,../src/lscript.ld -L../../Test_Timer_bsp/microblaze_0/lib -mlittle-endian -mcpu=v11.0 -mxl-soft-mul -Wl,--no-relax -Wl,--gc-sections -o "Test_Timer.elf"  ./src/main.o ./src/platform.o   -Wl,--start-group,-lxil,-lgcc,-lc,--end-group
'Finished building target: Test_Timer.elf'
' '
'Invoking: MicroBlaze Print Size'
mb-size Test_Timer.elf  |tee "Test_Timer.elf.size"
   text	   data	    bss	    dec	    hex	filename
   8900	    360	   3356	  12616	   3148	Test_Timer.elf
'Finished building: Test_Timer.elf.size'
' '
22:09:59 **** Auto Build of configuration Debug for project Test_Timer ****
make all 
'Building file: ../src/main.c'
'Invoking: MicroBlaze gcc compiler'
mb-gcc -Wall -O0 -g3 -c -fmessage-length=0 -MT"src/main.o" -I../../Test_Timer_bsp/microblaze_0/include -mlittle-endian -mcpu=v11.0 -mxl-soft-mul -Wl,--no-relax -ffunction-sections -fdata-sections -MMD -MP -MF"src/main.d" -MT"src/main.o" -o "src/main.o" "../src/main.c"
../src/main.c: In function 'Interrupt_init':
../src/main.c:103:26: error: 'Timer_isr' undeclared (first use in this function); did you mean 'timer_t'?
  XTmrCtr_SetHandler(&btn,Timer_isr,&tbtn);
                          ^~~~~~~~~
                          timer_t
../src/main.c:103:26: note: each undeclared identifier is reported only once for each function it appears in
../src/main.c:103:37: error: 'tbtn' undeclared (first use in this function); did you mean 'btn'?
  XTmrCtr_SetHandler(&btn,Timer_isr,&tbtn);
                                     ^~~~
                                     btn
../src/main.c:103:21: warning: passing argument 1 of 'XTmrCtr_SetHandler' from incompatible pointer type [-Wincompatible-pointer-types]
  XTmrCtr_SetHandler(&btn,Timer_isr,&tbtn);
                     ^~~~
In file included from ../src/main.c:5:
../../Test_Timer_bsp/microblaze_0/include/xtmrctr.h:317:35: note: expected 'XTmrCtr *' {aka 'struct <anonymous> *'} but argument is of type 'XGpio *' {aka 'struct <anonymous> *'}
 void XTmrCtr_SetHandler(XTmrCtr * InstancePtr, XTmrCtr_Handler FuncPtr,
                         ~~~~~~~~~~^~~~~~~~~~~
make: *** [src/subdir.mk:26: src/main.o] Error 1
22:10:19 **** Auto Build of configuration Debug for project Test_Timer ****
make all 
'Building file: ../src/main.c'
'Invoking: MicroBlaze gcc compiler'
mb-gcc -Wall -O0 -g3 -c -fmessage-length=0 -MT"src/main.o" -I../../Test_Timer_bsp/microblaze_0/include -mlittle-endian -mcpu=v11.0 -mxl-soft-mul -Wl,--no-relax -ffunction-sections -fdata-sections -MMD -MP -MF"src/main.d" -MT"src/main.o" -o "src/main.o" "../src/main.c"
../src/main.c: In function 'Interrupt_init':
../src/main.c:103:26: error: 'Timer_isr' undeclared (first use in this function); did you mean 'timer_t'?
  XTmrCtr_SetHandler(&btn,Timer_isr,&btn);
                          ^~~~~~~~~
                          timer_t
../src/main.c:103:26: note: each undeclared identifier is reported only once for each function it appears in
../src/main.c:103:21: warning: passing argument 1 of 'XTmrCtr_SetHandler' from incompatible pointer type [-Wincompatible-pointer-types]
  XTmrCtr_SetHandler(&btn,Timer_isr,&btn);
                     ^~~~
In file included from ../src/main.c:5:
../../Test_Timer_bsp/microblaze_0/include/xtmrctr.h:317:35: note: expected 'XTmrCtr *' {aka 'struct <anonymous> *'} but argument is of type 'XGpio *' {aka 'struct <anonymous> *'}
 void XTmrCtr_SetHandler(XTmrCtr * InstancePtr, XTmrCtr_Handler FuncPtr,
                         ~~~~~~~~~~^~~~~~~~~~~
make: *** [src/subdir.mk:26: src/main.o] Error 1
22:10:36 **** Auto Build of configuration Debug for project Test_Timer ****
make all 
'Building file: ../src/main.c'
'Invoking: MicroBlaze gcc compiler'
mb-gcc -Wall -O0 -g3 -c -fmessage-length=0 -MT"src/main.o" -I../../Test_Timer_bsp/microblaze_0/include -mlittle-endian -mcpu=v11.0 -mxl-soft-mul -Wl,--no-relax -ffunction-sections -fdata-sections -MMD -MP -MF"src/main.d" -MT"src/main.o" -o "src/main.o" "../src/main.c"
../src/main.c: In function 'Interrupt_init':
../src/main.c:107:21: warning: passing argument 1 of 'XTmrCtr_SetHandler' from incompatible pointer type [-Wincompatible-pointer-types]
  XTmrCtr_SetHandler(&btn,Timer_isr,&btn);
                     ^~~~
In file included from ../src/main.c:5:
../../Test_Timer_bsp/microblaze_0/include/xtmrctr.h:317:35: note: expected 'XTmrCtr *' {aka 'struct <anonymous> *'} but argument is of type 'XGpio *' {aka 'struct <anonymous> *'}
 void XTmrCtr_SetHandler(XTmrCtr * InstancePtr, XTmrCtr_Handler FuncPtr,
                         ~~~~~~~~~~^~~~~~~~~~~
'Finished building: ../src/main.c'
' '
'Building target: Test_Timer.elf'
'Invoking: MicroBlaze gcc linker'
mb-gcc -Wl,-T -Wl,../src/lscript.ld -L../../Test_Timer_bsp/microblaze_0/lib -mlittle-endian -mcpu=v11.0 -mxl-soft-mul -Wl,--no-relax -Wl,--gc-sections -o "Test_Timer.elf"  ./src/main.o ./src/platform.o   -Wl,--start-group,-lxil,-lgcc,-lc,--end-group
'Finished building target: Test_Timer.elf'
' '
'Invoking: MicroBlaze Print Size'
mb-size Test_Timer.elf  |tee "Test_Timer.elf.size"
   text	   data	    bss	    dec	    hex	filename
   9024	    360	   3352	  12736	   31c0	Test_Timer.elf
'Finished building: Test_Timer.elf.size'
' '
22:15:36 **** Auto Build of configuration Debug for project Test_Timer ****
make all 
'Building file: ../src/main.c'
'Invoking: MicroBlaze gcc compiler'
mb-gcc -Wall -O0 -g3 -c -fmessage-length=0 -MT"src/main.o" -I../../Test_Timer_bsp/microblaze_0/include -mlittle-endian -mcpu=v11.0 -mxl-soft-mul -Wl,--no-relax -ffunction-sections -fdata-sections -MMD -MP -MF"src/main.d" -MT"src/main.o" -o "src/main.o" "../src/main.c"
../src/main.c: In function 'main':
../src/main.c:136:55: error: expected ',' or ';' before '}' token
     while(1){int status=XGpio_InterruptGetStatus(&btn)};//tempo car les switch ne sont pu actualisés après le cleanup_platform()
                                                       ^
../src/main.c:136:18: warning: unused variable 'status' [-Wunused-variable]
     while(1){int status=XGpio_InterruptGetStatus(&btn)};//tempo car les switch ne sont pu actualisés après le cleanup_platform()
                  ^~~~~~
../src/main.c:140:1: error: expected declaration or statement at end of input
 }
 ^
make: *** [src/subdir.mk:26: src/main.o] Error 1
22:15:47 **** Auto Build of configuration Debug for project Test_Timer ****
make all 
'Building file: ../src/main.c'
'Invoking: MicroBlaze gcc compiler'
mb-gcc -Wall -O0 -g3 -c -fmessage-length=0 -MT"src/main.o" -I../../Test_Timer_bsp/microblaze_0/include -mlittle-endian -mcpu=v11.0 -mxl-soft-mul -Wl,--no-relax -ffunction-sections -fdata-sections -MMD -MP -MF"src/main.d" -MT"src/main.o" -o "src/main.o" "../src/main.c"
../src/main.c: In function 'main':
../src/main.c:136:18: warning: unused variable 'status' [-Wunused-variable]
     while(1){int status=XGpio_InterruptGetStatus(&btn);};//tempo car les switch ne sont pu actualisés après le cleanup_platform()
                  ^~~~~~
'Finished building: ../src/main.c'
' '
'Building target: Test_Timer.elf'
'Invoking: MicroBlaze gcc linker'
mb-gcc -Wl,-T -Wl,../src/lscript.ld -L../../Test_Timer_bsp/microblaze_0/lib -mlittle-endian -mcpu=v11.0 -mxl-soft-mul -Wl,--no-relax -Wl,--gc-sections -o "Test_Timer.elf"  ./src/main.o ./src/platform.o   -Wl,--start-group,-lxil,-lgcc,-lc,--end-group
'Finished building target: Test_Timer.elf'
' '
'Invoking: MicroBlaze Print Size'
mb-size Test_Timer.elf  |tee "Test_Timer.elf.size"
   text	   data	    bss	    dec	    hex	filename
   9252	    360	   3356	  12968	   32a8	Test_Timer.elf
'Finished building: Test_Timer.elf.size'
' '
22:16:02 **** Incremental Build of configuration Debug for project Test_Timer ****
make all 
make: Nothing to be done for 'all'.
22:17:26 **** Auto Build of configuration Debug for project Test_Timer ****
make all 
'Building file: ../src/main.c'
'Invoking: MicroBlaze gcc compiler'
mb-gcc -Wall -O0 -g3 -c -fmessage-length=0 -MT"src/main.o" -I../../Test_Timer_bsp/microblaze_0/include -mlittle-endian -mcpu=v11.0 -mxl-soft-mul -Wl,--no-relax -ffunction-sections -fdata-sections -MMD -MP -MF"src/main.d" -MT"src/main.o" -o "src/main.o" "../src/main.c"
'Finished building: ../src/main.c'
' '
'Building target: Test_Timer.elf'
'Invoking: MicroBlaze gcc linker'
mb-gcc -Wl,-T -Wl,../src/lscript.ld -L../../Test_Timer_bsp/microblaze_0/lib -mlittle-endian -mcpu=v11.0 -mxl-soft-mul -Wl,--no-relax -Wl,--gc-sections -o "Test_Timer.elf"  ./src/main.o ./src/platform.o   -Wl,--start-group,-lxil,-lgcc,-lc,--end-group
'Finished building target: Test_Timer.elf'
' '
'Invoking: MicroBlaze Print Size'
mb-size Test_Timer.elf  |tee "Test_Timer.elf.size"
   text	   data	    bss	    dec	    hex	filename
   8612	    360	   3316	  12288	   3000	Test_Timer.elf
'Finished building: Test_Timer.elf.size'
' '
22:17:28 **** Incremental Build of configuration Debug for project Test_Timer ****
make all 
make: Nothing to be done for 'all'.
[...]
11:52:27 **** Auto Build of configuration Debug for project Test_Timer ****
make all 
'Building file: ../src/main.c'
'Invoking: MicroBlaze gcc compiler'
mb-gcc -Wall -O0 -g3 -c -fmessage-length=0 -MT"src/main.o" -I../../Test_Timer_bsp/microblaze_0/include -mlittle-endian -mcpu=v11.0 -mxl-soft-mul -Wl,--no-relax -ffunction-sections -fdata-sections -MMD -MP -MF"src/main.d" -MT"src/main.o" -o "src/main.o" "../src/main.c"
../src/main.c: In function 'BTN_Intr_Handler':
../src/main.c:30:2: error: expected ',' or ';' before 'if'
  if(sens==0&&noBounce){
  ^~
../src/main.c:33:3: error: 'else' without a previous 'if'
  }else if(sens==1&&noBounce){
   ^~~~
../src/main.c:35:3: error: 'nobounce' undeclared (first use in this function); did you mean 'noBounce'?
   nobounce=0;
   ^~~~~~~~
   noBounce
../src/main.c:35:3: note: each undeclared identifier is reported only once for each function it appears in
make: *** [src/subdir.mk:26: src/main.o] Error 1
11:52:37 **** Auto Build of configuration Debug for project Test_Timer ****
make all 
'Building file: ../src/main.c'
'Invoking: MicroBlaze gcc compiler'
mb-gcc -Wall -O0 -g3 -c -fmessage-length=0 -MT"src/main.o" -I../../Test_Timer_bsp/microblaze_0/include -mlittle-endian -mcpu=v11.0 -mxl-soft-mul -Wl,--no-relax -ffunction-sections -fdata-sections -MMD -MP -MF"src/main.d" -MT"src/main.o" -o "src/main.o" "../src/main.c"
../src/main.c: In function 'BTN_Intr_Handler':
../src/main.c:32:3: error: 'nobounce' undeclared (first use in this function); did you mean 'noBounce'?
   nobounce=0;
   ^~~~~~~~
   noBounce
../src/main.c:32:3: note: each undeclared identifier is reported only once for each function it appears in
make: *** [src/subdir.mk:26: src/main.o] Error 1
11:52:39 **** Incremental Build of configuration Debug for project Test_Timer ****
make all 
'Building file: ../src/main.c'
'Invoking: MicroBlaze gcc compiler'
mb-gcc -Wall -O0 -g3 -c -fmessage-length=0 -MT"src/main.o" -I../../Test_Timer_bsp/microblaze_0/include -mlittle-endian -mcpu=v11.0 -mxl-soft-mul -Wl,--no-relax -ffunction-sections -fdata-sections -MMD -MP -MF"src/main.d" -MT"src/main.o" -o "src/main.o" "../src/main.c"
../src/main.c: In function 'BTN_Intr_Handler':
../src/main.c:32:3: error: 'nobounce' undeclared (first use in this function); did you mean 'noBounce'?
   nobounce=0;
   ^~~~~~~~
   noBounce
../src/main.c:32:3: note: each undeclared identifier is reported only once for each function it appears in
make: *** [src/subdir.mk:26: src/main.o] Error 1
11:52:57 **** Auto Build of configuration Debug for project Test_Timer ****
make all 
'Building file: ../src/main.c'
'Invoking: MicroBlaze gcc compiler'
mb-gcc -Wall -O0 -g3 -c -fmessage-length=0 -MT"src/main.o" -I../../Test_Timer_bsp/microblaze_0/include -mlittle-endian -mcpu=v11.0 -mxl-soft-mul -Wl,--no-relax -ffunction-sections -fdata-sections -MMD -MP -MF"src/main.d" -MT"src/main.o" -o "src/main.o" "../src/main.c"
../src/main.c: In function 'BTN_Intr_Handler':
../src/main.c:32:3: error: 'nobounce' undeclared (first use in this function); did you mean 'noBounce'?
   nobounce=0;
   ^~~~~~~~
   noBounce
../src/main.c:32:3: note: each undeclared identifier is reported only once for each function it appears in
make: *** [src/subdir.mk:26: src/main.o] Error 1
11:53:06 **** Auto Build of configuration Debug for project Test_Timer ****
make all 
'Building file: ../src/main.c'
'Invoking: MicroBlaze gcc compiler'
mb-gcc -Wall -O0 -g3 -c -fmessage-length=0 -MT"src/main.o" -I../../Test_Timer_bsp/microblaze_0/include -mlittle-endian -mcpu=v11.0 -mxl-soft-mul -Wl,--no-relax -ffunction-sections -fdata-sections -MMD -MP -MF"src/main.d" -MT"src/main.o" -o "src/main.o" "../src/main.c"
../src/main.c: In function 'BTN_Intr_Handler':
../src/main.c:30:14: error: 'noBounce' undeclared (first use in this function); did you mean 'nobounce'?
  if(sens==0&&noBounce){
              ^~~~~~~~
              nobounce
../src/main.c:30:14: note: each undeclared identifier is reported only once for each function it appears in
make: *** [src/subdir.mk:26: src/main.o] Error 1
11:53:10 **** Incremental Build of configuration Debug for project Test_Timer ****
make all 
'Building file: ../src/main.c'
'Invoking: MicroBlaze gcc compiler'
mb-gcc -Wall -O0 -g3 -c -fmessage-length=0 -MT"src/main.o" -I../../Test_Timer_bsp/microblaze_0/include -mlittle-endian -mcpu=v11.0 -mxl-soft-mul -Wl,--no-relax -ffunction-sections -fdata-sections -MMD -MP -MF"src/main.d" -MT"src/main.o" -o "src/main.o" "../src/main.c"
../src/main.c: In function 'BTN_Intr_Handler':
../src/main.c:30:14: error: 'noBounce' undeclared (first use in this function); did you mean 'nobounce'?
  if(sens==0&&noBounce){
              ^~~~~~~~
              nobounce
../src/main.c:30:14: note: each undeclared identifier is reported only once for each function it appears in
make: *** [src/subdir.mk:26: src/main.o] Error 1
11:53:20 **** Auto Build of configuration Debug for project Test_Timer ****
make all 
'Building file: ../src/main.c'
'Invoking: MicroBlaze gcc compiler'
mb-gcc -Wall -O0 -g3 -c -fmessage-length=0 -MT"src/main.o" -I../../Test_Timer_bsp/microblaze_0/include -mlittle-endian -mcpu=v11.0 -mxl-soft-mul -Wl,--no-relax -ffunction-sections -fdata-sections -MMD -MP -MF"src/main.d" -MT"src/main.o" -o "src/main.o" "../src/main.c"
'Finished building: ../src/main.c'
' '
'Building target: Test_Timer.elf'
'Invoking: MicroBlaze gcc linker'
mb-gcc -Wl,-T -Wl,../src/lscript.ld -L../../Test_Timer_bsp/microblaze_0/lib -mlittle-endian -mcpu=v11.0 -mxl-soft-mul -Wl,--no-relax -Wl,--gc-sections -o "Test_Timer.elf"  ./src/main.o ./src/platform.o   -Wl,--start-group,-lxil,-lgcc,-lc,--end-group
'Finished building target: Test_Timer.elf'
' '
'Invoking: MicroBlaze Print Size'
mb-size Test_Timer.elf  |tee "Test_Timer.elf.size"
   text	   data	    bss	    dec	    hex	filename
 101280	   1812	   3396	 106488	  19ff8	Test_Timer.elf
'Finished building: Test_Timer.elf.size'
' '
11:53:21 **** Incremental Build of configuration Debug for project Test_Timer ****
make all 
make: Nothing to be done for 'all'.
11:54:58 **** Auto Build of configuration Debug for project Test_Timer ****
make all 
'Building file: ../src/main.c'
'Invoking: MicroBlaze gcc compiler'
mb-gcc -Wall -O0 -g3 -c -fmessage-length=0 -MT"src/main.o" -I../../Test_Timer_bsp/microblaze_0/include -mlittle-endian -mcpu=v11.0 -mxl-soft-mul -Wl,--no-relax -ffunction-sections -fdata-sections -MMD -MP -MF"src/main.d" -MT"src/main.o" -o "src/main.o" "../src/main.c"
../src/main.c: In function 'BTN_Intr_Handler':
../src/main.c:29:17: warning: unused variable 'nobounce_1' [-Wunused-variable]
  static uint8_t nobounce_1=0;
                 ^~~~~~~~~~
At top level:
../src/main.c:29:17: warning: 'nobounce_1' defined but not used [-Wunused-variable]
'Finished building: ../src/main.c'
' '
'Building target: Test_Timer.elf'
'Invoking: MicroBlaze gcc linker'
mb-gcc -Wl,-T -Wl,../src/lscript.ld -L../../Test_Timer_bsp/microblaze_0/lib -mlittle-endian -mcpu=v11.0 -mxl-soft-mul -Wl,--no-relax -Wl,--gc-sections -o "Test_Timer.elf"  ./src/main.o ./src/platform.o   -Wl,--start-group,-lxil,-lgcc,-lc,--end-group
'Finished building target: Test_Timer.elf'
' '
'Invoking: MicroBlaze Print Size'
mb-size Test_Timer.elf  |tee "Test_Timer.elf.size"
   text	   data	    bss	    dec	    hex	filename
 101280	   1812	   3396	 106488	  19ff8	Test_Timer.elf
'Finished building: Test_Timer.elf.size'
' '
11:55:58 **** Auto Build of configuration Debug for project Test_Timer ****
make all 
'Building file: ../src/main.c'
'Invoking: MicroBlaze gcc compiler'
mb-gcc -Wall -O0 -g3 -c -fmessage-length=0 -MT"src/main.o" -I../../Test_Timer_bsp/microblaze_0/include -mlittle-endian -mcpu=v11.0 -mxl-soft-mul -Wl,--no-relax -ffunction-sections -fdata-sections -MMD -MP -MF"src/main.d" -MT"src/main.o" -o "src/main.o" "../src/main.c"
../src/main.c: In function 'BTN_Intr_Handler':
../src/main.c:29:28: error: initializer element is not constant
  static uint8_t nobounce_1=nobounce;
                            ^~~~~~~~
make: *** [src/subdir.mk:26: src/main.o] Error 1
11:58:36 **** Auto Build of configuration Debug for project Test_Timer ****
make all 
'Building file: ../src/main.c'
'Invoking: MicroBlaze gcc compiler'
mb-gcc -Wall -O0 -g3 -c -fmessage-length=0 -MT"src/main.o" -I../../Test_Timer_bsp/microblaze_0/include -mlittle-endian -mcpu=v11.0 -mxl-soft-mul -Wl,--no-relax -ffunction-sections -fdata-sections -MMD -MP -MF"src/main.d" -MT"src/main.o" -o "src/main.o" "../src/main.c"
../src/main.c: In function 'BTN_Intr_Handler':
../src/main.c:30:22: error: lvalue required as left operand of assignment
  if(sens==0&&nobounce=2){
                      ^
../src/main.c:33:28: error: lvalue required as left operand of assignment
  }else if(sens==1&&nobounce=2){
                            ^
make: *** [src/subdir.mk:26: src/main.o] Error 1
11:58:43 **** Auto Build of configuration Debug for project Test_Timer ****
make all 
'Building file: ../src/main.c'
'Invoking: MicroBlaze gcc compiler'
mb-gcc -Wall -O0 -g3 -c -fmessage-length=0 -MT"src/main.o" -I../../Test_Timer_bsp/microblaze_0/include -mlittle-endian -mcpu=v11.0 -mxl-soft-mul -Wl,--no-relax -ffunction-sections -fdata-sections -MMD -MP -MF"src/main.d" -MT"src/main.o" -o "src/main.o" "../src/main.c"
'Finished building: ../src/main.c'
' '
'Building target: Test_Timer.elf'
'Invoking: MicroBlaze gcc linker'
mb-gcc -Wl,-T -Wl,../src/lscript.ld -L../../Test_Timer_bsp/microblaze_0/lib -mlittle-endian -mcpu=v11.0 -mxl-soft-mul -Wl,--no-relax -Wl,--gc-sections -o "Test_Timer.elf"  ./src/main.o ./src/platform.o   -Wl,--start-group,-lxil,-lgcc,-lc,--end-group
'Finished building target: Test_Timer.elf'
' '
'Invoking: MicroBlaze Print Size'
mb-size Test_Timer.elf  |tee "Test_Timer.elf.size"
   text	   data	    bss	    dec	    hex	filename
 101288	   1812	   3396	 106496	  1a000	Test_Timer.elf
'Finished building: Test_Timer.elf.size'
' '
11:58:46 **** Incremental Build of configuration Debug for project Test_Timer ****
make all 
make: Nothing to be done for 'all'.
12:03:13 **** Auto Build of configuration Debug for project Test_Timer ****
make all 
'Building file: ../src/main.c'
'Invoking: MicroBlaze gcc compiler'
mb-gcc -Wall -O0 -g3 -c -fmessage-length=0 -MT"src/main.o" -I../../Test_Timer_bsp/microblaze_0/include -mlittle-endian -mcpu=v11.0 -mxl-soft-mul -Wl,--no-relax -ffunction-sections -fdata-sections -MMD -MP -MF"src/main.d" -MT"src/main.o" -o "src/main.o" "../src/main.c"
'Finished building: ../src/main.c'
' '
'Building target: Test_Timer.elf'
'Invoking: MicroBlaze gcc linker'
mb-gcc -Wl,-T -Wl,../src/lscript.ld -L../../Test_Timer_bsp/microblaze_0/lib -mlittle-endian -mcpu=v11.0 -mxl-soft-mul -Wl,--no-relax -Wl,--gc-sections -o "Test_Timer.elf"  ./src/main.o ./src/platform.o   -Wl,--start-group,-lxil,-lgcc,-lc,--end-group
'Finished building target: Test_Timer.elf'
' '
'Invoking: MicroBlaze Print Size'
mb-size Test_Timer.elf  |tee "Test_Timer.elf.size"
   text	   data	    bss	    dec	    hex	filename
 101264	   1812	   3396	 106472	  19fe8	Test_Timer.elf
'Finished building: Test_Timer.elf.size'
' '
12:03:14 **** Incremental Build of configuration Debug for project Test_Timer ****
make all 
make: Nothing to be done for 'all'.
12:03:30 **** Auto Build of configuration Debug for project Test_Timer ****
make all 
'Building file: ../src/main.c'
'Invoking: MicroBlaze gcc compiler'
mb-gcc -Wall -O0 -g3 -c -fmessage-length=0 -MT"src/main.o" -I../../Test_Timer_bsp/microblaze_0/include -mlittle-endian -mcpu=v11.0 -mxl-soft-mul -Wl,--no-relax -ffunction-sections -fdata-sections -MMD -MP -MF"src/main.d" -MT"src/main.o" -o "src/main.o" "../src/main.c"
'Finished building: ../src/main.c'
' '
'Building target: Test_Timer.elf'
'Invoking: MicroBlaze gcc linker'
mb-gcc -Wl,-T -Wl,../src/lscript.ld -L../../Test_Timer_bsp/microblaze_0/lib -mlittle-endian -mcpu=v11.0 -mxl-soft-mul -Wl,--no-relax -Wl,--gc-sections -o "Test_Timer.elf"  ./src/main.o ./src/platform.o   -Wl,--start-group,-lxil,-lgcc,-lc,--end-group
'Finished building target: Test_Timer.elf'
' '
'Invoking: MicroBlaze Print Size'
mb-size Test_Timer.elf  |tee "Test_Timer.elf.size"
   text	   data	    bss	    dec	    hex	filename
 101064	   1812	   3396	 106272	  19f20	Test_Timer.elf
'Finished building: Test_Timer.elf.size'
' '
12:03:31 **** Incremental Build of configuration Debug for project Test_Timer ****
make all 
make: Nothing to be done for 'all'.
12:03:51 **** Incremental Build of configuration Debug for project Test_Timer ****
make all 
make: Nothing to be done for 'all'.
12:04:08 **** Auto Build of configuration Debug for project Test_Timer ****
make all 
'Building file: ../src/main.c'
'Invoking: MicroBlaze gcc compiler'
mb-gcc -Wall -O0 -g3 -c -fmessage-length=0 -MT"src/main.o" -I../../Test_Timer_bsp/microblaze_0/include -mlittle-endian -mcpu=v11.0 -mxl-soft-mul -Wl,--no-relax -ffunction-sections -fdata-sections -MMD -MP -MF"src/main.d" -MT"src/main.o" -o "src/main.o" "../src/main.c"
'Finished building: ../src/main.c'
' '
'Building target: Test_Timer.elf'
'Invoking: MicroBlaze gcc linker'
mb-gcc -Wl,-T -Wl,../src/lscript.ld -L../../Test_Timer_bsp/microblaze_0/lib -mlittle-endian -mcpu=v11.0 -mxl-soft-mul -Wl,--no-relax -Wl,--gc-sections -o "Test_Timer.elf"  ./src/main.o ./src/platform.o   -Wl,--start-group,-lxil,-lgcc,-lc,--end-group
'Finished building target: Test_Timer.elf'
' '
'Invoking: MicroBlaze Print Size'
mb-size Test_Timer.elf  |tee "Test_Timer.elf.size"
   text	   data	    bss	    dec	    hex	filename
 101264	   1812	   3396	 106472	  19fe8	Test_Timer.elf
'Finished building: Test_Timer.elf.size'
' '
12:04:10 **** Incremental Build of configuration Debug for project Test_Timer ****
make all 
make: Nothing to be done for 'all'.
12:06:25 **** Auto Build of configuration Debug for project Test_Timer ****
make all 
'Building file: ../src/main.c'
'Invoking: MicroBlaze gcc compiler'
mb-gcc -Wall -O0 -g3 -c -fmessage-length=0 -MT"src/main.o" -I../../Test_Timer_bsp/microblaze_0/include -mlittle-endian -mcpu=v11.0 -mxl-soft-mul -Wl,--no-relax -ffunction-sections -fdata-sections -MMD -MP -MF"src/main.d" -MT"src/main.o" -o "src/main.o" "../src/main.c"
'Finished building: ../src/main.c'
' '
'Building target: Test_Timer.elf'
'Invoking: MicroBlaze gcc linker'
mb-gcc -Wl,-T -Wl,../src/lscript.ld -L../../Test_Timer_bsp/microblaze_0/lib -mlittle-endian -mcpu=v11.0 -mxl-soft-mul -Wl,--no-relax -Wl,--gc-sections -o "Test_Timer.elf"  ./src/main.o ./src/platform.o   -Wl,--start-group,-lxil,-lgcc,-lc,--end-group
'Finished building target: Test_Timer.elf'
' '
'Invoking: MicroBlaze Print Size'
mb-size Test_Timer.elf  |tee "Test_Timer.elf.size"
   text	   data	    bss	    dec	    hex	filename
 101264	   1812	   3396	 106472	  19fe8	Test_Timer.elf
'Finished building: Test_Timer.elf.size'
' '
12:06:28 **** Incremental Build of configuration Debug for project Test_Timer ****
make all 
make: Nothing to be done for 'all'.
12:07:26 **** Auto Build of configuration Debug for project Test_Timer ****
make all 
'Building file: ../src/main.c'
'Invoking: MicroBlaze gcc compiler'
mb-gcc -Wall -O0 -g3 -c -fmessage-length=0 -MT"src/main.o" -I../../Test_Timer_bsp/microblaze_0/include -mlittle-endian -mcpu=v11.0 -mxl-soft-mul -Wl,--no-relax -ffunction-sections -fdata-sections -MMD -MP -MF"src/main.d" -MT"src/main.o" -o "src/main.o" "../src/main.c"
../src/main.c: In function 'Interrupt_init':
../src/main.c:105:78: error: 'BTN_Intr_Handler' undeclared (first use in this function); did you mean 'XTmrCtr_Handler'?
  Status = XIntc_Connect(&xintc, XPAR_INTC_0_GPIO_0_VEC_ID,(XInterruptHandler)BTN_Intr_Handler,(void *)&btn);
                                                                              ^~~~~~~~~~~~~~~~
                                                                              XTmrCtr_Handler
../src/main.c:105:78: note: each undeclared identifier is reported only once for each function it appears in
make: *** [src/subdir.mk:26: src/main.o] Error 1
12:07:35 **** Auto Build of configuration Debug for project Test_Timer ****
make all 
'Building file: ../src/main.c'
'Invoking: MicroBlaze gcc compiler'
mb-gcc -Wall -O0 -g3 -c -fmessage-length=0 -MT"src/main.o" -I../../Test_Timer_bsp/microblaze_0/include -mlittle-endian -mcpu=v11.0 -mxl-soft-mul -Wl,--no-relax -ffunction-sections -fdata-sections -MMD -MP -MF"src/main.d" -MT"src/main.o" -o "src/main.o" "../src/main.c"
'Finished building: ../src/main.c'
' '
'Building target: Test_Timer.elf'
'Invoking: MicroBlaze gcc linker'
mb-gcc -Wl,-T -Wl,../src/lscript.ld -L../../Test_Timer_bsp/microblaze_0/lib -mlittle-endian -mcpu=v11.0 -mxl-soft-mul -Wl,--no-relax -Wl,--gc-sections -o "Test_Timer.elf"  ./src/main.o ./src/platform.o   -Wl,--start-group,-lxil,-lgcc,-lc,--end-group
'Finished building target: Test_Timer.elf'
' '
'Invoking: MicroBlaze Print Size'
mb-size Test_Timer.elf  |tee "Test_Timer.elf.size"
   text	   data	    bss	    dec	    hex	filename
 101264	   1812	   3396	 106472	  19fe8	Test_Timer.elf
'Finished building: Test_Timer.elf.size'
' '
12:13:19 **** Auto Build of configuration Debug for project Test_Timer ****
make all 
'Building file: ../src/main.c'
'Invoking: MicroBlaze gcc compiler'
mb-gcc -Wall -O0 -g3 -c -fmessage-length=0 -MT"src/main.o" -I../../Test_Timer_bsp/microblaze_0/include -mlittle-endian -mcpu=v11.0 -mxl-soft-mul -Wl,--no-relax -ffunction-sections -fdata-sections -MMD -MP -MF"src/main.d" -MT"src/main.o" -o "src/main.o" "../src/main.c"
../src/main.c: In function 'Interrupt_init':
../src/main.c:77:78: error: 'Btn_isr' undeclared (first use in this function)
  Status = XIntc_Connect(&xintc, XPAR_INTC_0_GPIO_0_VEC_ID,(XInterruptHandler)Btn_isr,(void *)&btn);
                                                                              ^~~~~~~
../src/main.c:77:78: note: each undeclared identifier is reported only once for each function it appears in
make: *** [src/subdir.mk:26: src/main.o] Error 1
12:13:29 **** Auto Build of configuration Debug for project Test_Timer ****
make all 
'Building file: ../src/main.c'
'Invoking: MicroBlaze gcc compiler'
mb-gcc -Wall -O0 -g3 -c -fmessage-length=0 -MT"src/main.o" -I../../Test_Timer_bsp/microblaze_0/include -mlittle-endian -mcpu=v11.0 -mxl-soft-mul -Wl,--no-relax -ffunction-sections -fdata-sections -MMD -MP -MF"src/main.d" -MT"src/main.o" -o "src/main.o" "../src/main.c"
../src/main.c: In function 'Interrupt_init':
../src/main.c:77:78: error: 'Btn_isr' undeclared (first use in this function)
  Status = XIntc_Connect(&xintc, XPAR_INTC_0_GPIO_0_VEC_ID,(XInterruptHandler)Btn_isr,(void *)&btn);
                                                                              ^~~~~~~
../src/main.c:77:78: note: each undeclared identifier is reported only once for each function it appears in
make: *** [src/subdir.mk:26: src/main.o] Error 1
12:14:13 **** Auto Build of configuration Debug for project Test_Timer ****
make all 
'Building file: ../src/main.c'
'Invoking: MicroBlaze gcc compiler'
mb-gcc -Wall -O0 -g3 -c -fmessage-length=0 -MT"src/main.o" -I../../Test_Timer_bsp/microblaze_0/include -mlittle-endian -mcpu=v11.0 -mxl-soft-mul -Wl,--no-relax -ffunction-sections -fdata-sections -MMD -MP -MF"src/main.d" -MT"src/main.o" -o "src/main.o" "../src/main.c"
'Finished building: ../src/main.c'
' '
'Building target: Test_Timer.elf'
'Invoking: MicroBlaze gcc linker'
mb-gcc -Wl,-T -Wl,../src/lscript.ld -L../../Test_Timer_bsp/microblaze_0/lib -mlittle-endian -mcpu=v11.0 -mxl-soft-mul -Wl,--no-relax -Wl,--gc-sections -o "Test_Timer.elf"  ./src/main.o ./src/platform.o   -Wl,--start-group,-lxil,-lgcc,-lc,--end-group
'Finished building target: Test_Timer.elf'
' '
'Invoking: MicroBlaze Print Size'
mb-size Test_Timer.elf  |tee "Test_Timer.elf.size"
   text	   data	    bss	    dec	    hex	filename
 101264	   1812	   3396	 106472	  19fe8	Test_Timer.elf
'Finished building: Test_Timer.elf.size'
' '
12:14:41 **** Incremental Build of configuration Debug for project Test_Timer ****
make all 
make: Nothing to be done for 'all'.
