21:30:05 **** Auto Build of configuration Debug for project Test_Timer ****
make all 
'Building file: ../src/main.c'
'Invoking: MicroBlaze gcc compiler'
mb-gcc -Wall -O0 -g3 -c -fmessage-length=0 -MT"src/main.o" -I../../Test_Timer_bsp/microblaze_0/include -mlittle-endian -mcpu=v11.0 -mxl-soft-mul -Wl,--no-relax -ffunction-sections -fdata-sections -MMD -MP -MF"src/main.d" -MT"src/main.o" -o "src/main.o" "../src/main.c"
'Finished building: ../src/main.c'
' '
'Building target: Test_Timer.elf'
'Invoking: MicroBlaze gcc linker'
mb-gcc -Wl,-T -Wl,../src/lscript.ld -L../../Test_Timer_bsp/microblaze_0/lib -mlittle-endian -mcpu=v11.0 -mxl-soft-mul -Wl,--no-relax -Wl,--gc-sections -o "Test_Timer.elf"  ./src/main.o ./src/platform.o   -Wl,--start-group,-lxil,-lgcc,-lc,--end-group
'Finished building target: Test_Timer.elf'
' '
'Invoking: MicroBlaze Print Size'
mb-size Test_Timer.elf  |tee "Test_Timer.elf.size"
   text	   data	    bss	    dec	    hex	filename
   8612	    360	   3316	  12288	   3000	Test_Timer.elf
'Finished building: Test_Timer.elf.size'
' '

21:30:05 Build Finished (took 800ms)

